Component: ARM Compiler 5.06 update 6 (build 750) Tool: armlink [4d35ed]

==============================================================================

Section Cross References

    system_n32g031.o(i.SystemCoreClockUpdate) refers to aeabi_sdiv.o(.text) for __aeabi_uidivmod
    system_n32g031.o(i.SystemCoreClockUpdate) refers to system_n32g031.o(.data) for SystemCoreClock
    system_n32g031.o(i.SystemCoreClockUpdate) refers to system_n32g031.o(.constdata) for AHBPrescTable
    system_n32g031.o(i.SystemInit) refers to system_n32g031.o(i.SetSysClock) for SetSysClock
    startup_n32g031.o(STACK) refers (Special) to heapauxi.o(.text) for __use_two_region_memory
    startup_n32g031.o(HEAP) refers (Special) to heapauxi.o(.text) for __use_two_region_memory
    startup_n32g031.o(RESET) refers (Special) to heapauxi.o(.text) for __use_two_region_memory
    startup_n32g031.o(RESET) refers to startup_n32g031.o(STACK) for __initial_sp
    startup_n32g031.o(RESET) refers to startup_n32g031.o(.text) for Reset_Handler
    startup_n32g031.o(RESET) refers to n32g030_it.o(i.NMI_Handler) for NMI_Handler
    startup_n32g031.o(RESET) refers to n32g030_it.o(i.HardFault_Handler) for HardFault_Handler
    startup_n32g031.o(RESET) refers to n32g030_it.o(i.SVC_Handler) for SVC_Handler
    startup_n32g031.o(RESET) refers to n32g030_it.o(i.PendSV_Handler) for PendSV_Handler
    startup_n32g031.o(RESET) refers to n32g030_it.o(i.SysTick_Handler) for SysTick_Handler
    startup_n32g031.o(RESET) refers to n32g030_it.o(i.EXTI0_1_IRQHandler) for EXTI0_1_IRQHandler
    startup_n32g031.o(RESET) refers to n32g030_it.o(i.TIM3_IRQHandler) for TIM3_IRQHandler
    startup_n32g031.o(RESET) refers to n32g030_it.o(i.LPTIM_TIM6_IRQHandler) for LPTIM_TIM6_IRQHandler
    startup_n32g031.o(RESET) refers to n32g030_it.o(i.USART1_IRQHandler) for USART1_IRQHandler
    startup_n32g031.o(.text) refers (Special) to heapauxi.o(.text) for __use_two_region_memory
    startup_n32g031.o(.text) refers to system_n32g031.o(i.SystemInit) for SystemInit
    startup_n32g031.o(.text) refers to __main.o(!!!main) for __main
    startup_n32g031.o(.text) refers to startup_n32g031.o(HEAP) for Heap_Mem
    startup_n32g031.o(.text) refers to startup_n32g031.o(STACK) for Stack_Mem
    main.o(i.Utf8ToUnicode) refers to strlen.o(.text) for strlen
    main.o(i.main) refers to _printf_percent.o(.ARM.Collect$$_printf_percent$$00000000) for _printf_percent
    main.o(i.main) refers to _printf_d.o(.ARM.Collect$$_printf_percent$$00000009) for _printf_d
    main.o(i.main) refers to _printf_dec.o(.text) for _printf_int_dec
    main.o(i.main) refers to system_n32g031.o(i.SystemInit) for SystemInit
    main.o(i.main) refers to init.o(i.InitALL) for InitALL
    main.o(i.main) refers to rt_memclr.o(.text) for __aeabi_memclr4
    main.o(i.main) refers to noretval__2sprintf.o(.text) for __2sprintf
    main.o(i.main) refers to main.o(i.Utf8ToUnicode) for Utf8ToUnicode
    main.o(i.main) refers to wcslen.o(.text) for wcslen
    main.o(i.main) refers to main.o(.data) for len
    n32g030_it.o(i.EXTI0_1_IRQHandler) refers to n32g030_it.o(i.closeexit) for closeexit
    n32g030_it.o(i.EXTI0_1_IRQHandler) refers to n32g030_it.o(.data) for recbittick
    n32g030_it.o(i.EXTI0_1_IRQHandler) refers to n32g030_it.o(.bss) for recbit
    n32g030_it.o(i.LPTIM_TIM6_IRQHandler) refers to n32g030_it.o(i.openexit) for openexit
    n32g030_it.o(i.LPTIM_TIM6_IRQHandler) refers to n32g030_it.o(i.USART1r) for USART1r
    n32g030_it.o(i.LPTIM_TIM6_IRQHandler) refers to n32g030_it.o(.data) for recbittick
    n32g030_it.o(i.LPTIM_TIM6_IRQHandler) refers to n32g030_it.o(.bss) for recbit
    n32g030_it.o(i.TIM3_IRQHandler) refers to n32g030_it.o(.data) for tim_flag
    n32g030_it.o(i.TIM3_IRQHandler) refers to modbus_slave.o(.data) for g_mods_timeout
    n32g030_it.o(i.USART1_IRQHandler) refers to modbus_slave.o(i.MODS_ReciveNew) for MODS_ReciveNew
    n32g030_it.o(i.USART1r) refers to n32g030_it.o(.bss) for tempdata
    delay.o(i.SysTick_Init) refers to aeabi_sdiv.o(.text) for __aeabi_uidivmod
    delay.o(i.SysTick_Init) refers to delay.o(i.NVIC_SetPriority) for NVIC_SetPriority
    delay.o(i.SysTick_Init) refers to system_n32g031.o(.data) for SystemCoreClock
    delay.o(i.delay_init) refers to delay.o(.data) for fac_us
    delay.o(i.delay_ms) refers to delay.o(.data) for fac_ms
    delay.o(i.delay_us) refers to delay.o(.data) for fac_us
    modbus_slave.o(i.CRC16_Modbus) refers to modbus_slave.o(.constdata) for s_CRCHi
    modbus_slave.o(i.MODS_03H) refers to modbus_slave.o(i.BEBufToUint16) for BEBufToUint16
    modbus_slave.o(i.MODS_03H) refers to modbus_slave.o(i.MODS_ReadRegValue) for MODS_ReadRegValue
    modbus_slave.o(i.MODS_03H) refers to modbus_slave.o(i.MODS_SendWithCRC) for MODS_SendWithCRC
    modbus_slave.o(i.MODS_03H) refers to modbus_slave.o(i.MODS_SendAckErr) for MODS_SendAckErr
    modbus_slave.o(i.MODS_03H) refers to modbus_slave.o(.bss) for g_tModS
    modbus_slave.o(i.MODS_06H) refers to modbus_slave.o(i.BEBufToUint16) for BEBufToUint16
    modbus_slave.o(i.MODS_06H) refers to modbus_slave.o(i.MODS_WriteRegValue) for MODS_WriteRegValue
    modbus_slave.o(i.MODS_06H) refers to modbus_slave.o(i.MODS_SendAckOk) for MODS_SendAckOk
    modbus_slave.o(i.MODS_06H) refers to modbus_slave.o(i.MODS_SendAckErr) for MODS_SendAckErr
    modbus_slave.o(i.MODS_06H) refers to modbus_slave.o(.bss) for g_tModS
    modbus_slave.o(i.MODS_AnalyzeApp) refers to modbus_slave.o(i.MODS_03H) for MODS_03H
    modbus_slave.o(i.MODS_AnalyzeApp) refers to modbus_slave.o(i.MODS_06H) for MODS_06H
    modbus_slave.o(i.MODS_AnalyzeApp) refers to modbus_slave.o(i.MODS_SendAckErr) for MODS_SendAckErr
    modbus_slave.o(i.MODS_AnalyzeApp) refers to modbus_slave.o(.bss) for g_tModS
    modbus_slave.o(i.MODS_Poll) refers to modbus_slave.o(i.CRC16_Modbus) for CRC16_Modbus
    modbus_slave.o(i.MODS_Poll) refers to modbus_slave.o(i.MODS_AnalyzeApp) for MODS_AnalyzeApp
    modbus_slave.o(i.MODS_Poll) refers to modbus_slave.o(.data) for g_mods_timeout
    modbus_slave.o(i.MODS_Poll) refers to modbus_slave.o(.bss) for g_tModS
    modbus_slave.o(i.MODS_Poll) refers to proc.o(.data) for ModelID
    modbus_slave.o(i.MODS_ReciveNew) refers to init.o(i.TIM3_Conf) for TIM3_Conf
    modbus_slave.o(i.MODS_ReciveNew) refers to modbus_slave.o(.data) for g_mods_timeout
    modbus_slave.o(i.MODS_ReciveNew) refers to proc.o(.data) for ModelBaud
    modbus_slave.o(i.MODS_ReciveNew) refers to n32g030_it.o(.data) for tim_flag
    modbus_slave.o(i.MODS_ReciveNew) refers to modbus_slave.o(.bss) for g_tModS
    modbus_slave.o(i.MODS_SendAckErr) refers to delay.o(i.delay_ms) for delay_ms
    modbus_slave.o(i.MODS_SendAckErr) refers to modbus_slave.o(i.MODS_SendWithCRC) for MODS_SendWithCRC
    modbus_slave.o(i.MODS_SendAckErr) refers to modbus_slave.o(.bss) for g_tModS
    modbus_slave.o(i.MODS_SendAckOk) refers to modbus_slave.o(i.MODS_SendWithCRC) for MODS_SendWithCRC
    modbus_slave.o(i.MODS_SendAckOk) refers to modbus_slave.o(.bss) for g_tModS
    modbus_slave.o(i.MODS_SendWithCRC) refers to rt_memcpy.o(.text) for __aeabi_memcpy
    modbus_slave.o(i.MODS_SendWithCRC) refers to modbus_slave.o(i.CRC16_Modbus) for CRC16_Modbus
    modbus_slave.o(i.MODS_SendWithCRC) refers to delay.o(i.delay_ms) for delay_ms
    modbus_slave.o(i.MODS_SendWithCRC) refers to proc.o(i.RS485_SendBuf) for RS485_SendBuf
    modbus_slave.o(i.MODS_SendWithCRC) refers to modbus_slave.o(.bss) for g_tPrint
    modbus_slave.o(i.MODS_WriteRegValue) refers to proc.o(.data) for ModelID
    init.o(i.InitALL) refers to init.o(i.GPIOInit) for GPIOInit
    init.o(i.InitALL) refers to init.o(i.USART1_Config) for USART1_Config
    init.o(i.InitALL) refers to init.o(i.TIM6_Conf) for TIM6_Conf
    init.o(i.TIM1_Conf) refers to init.o(i.NVIC_SetPriority) for NVIC_SetPriority
    init.o(i.TIM1_Conf) refers to init.o(i.NVIC_EnableIRQ) for NVIC_EnableIRQ
    init.o(i.TIM3_Conf) refers to init.o(i.NVIC_SetPriority) for NVIC_SetPriority
    init.o(i.TIM3_Conf) refers to init.o(i.NVIC_EnableIRQ) for NVIC_EnableIRQ
    init.o(i.TIM6_Conf) refers to init.o(i.NVIC_SetPriority) for NVIC_SetPriority
    init.o(i.TIM6_Conf) refers to init.o(i.NVIC_EnableIRQ) for NVIC_EnableIRQ
    init.o(i.USART1_Config) refers to fflti.o(.text) for __aeabi_ui2f
    init.o(i.USART1_Config) refers to fdiv.o(.text) for __aeabi_fdiv
    init.o(i.USART1_Config) refers to ffixui.o(.text) for __aeabi_f2uiz
    init.o(i.USART1_Config) refers to faddsub.o(x$fpl$frsb) for __aeabi_frsub
    init.o(i.USART1_Config) refers to fmul.o(x$fpl$fmul) for __aeabi_fmul
    init.o(i.USART1_Config) refers to init.o(i.NVIC_SetPriority) for NVIC_SetPriority
    init.o(i.USART1_Config) refers to init.o(i.NVIC_EnableIRQ) for NVIC_EnableIRQ
    init.o(i.USART1_Config) refers to proc.o(.data) for ModelBaud
    init.o(i.USART1_Modelbaud_Set) refers to fflti.o(.text) for __aeabi_ui2f
    init.o(i.USART1_Modelbaud_Set) refers to fdiv.o(.text) for __aeabi_fdiv
    init.o(i.USART1_Modelbaud_Set) refers to ffixui.o(.text) for __aeabi_f2uiz
    init.o(i.USART1_Modelbaud_Set) refers to faddsub.o(x$fpl$frsb) for __aeabi_frsub
    init.o(i.USART1_Modelbaud_Set) refers to fmul.o(x$fpl$fmul) for __aeabi_fmul
    init.o(i.USART1_Modelbaud_Set) refers to proc.o(.data) for ModelBaud
    flash.o(i.FLASH_ConfigALLOptionByte) refers to flash.o(i.FLASH_GetReadOutProtectionL2STS) for FLASH_GetReadOutProtectionL2STS
    flash.o(i.FLASH_ConfigALLOptionByte) refers to flash.o(i.FLASH_ClearFlag) for FLASH_ClearFlag
    flash.o(i.FLASH_ConfigALLOptionByte) refers to flash.o(i.FLASH_WaitForLastOpt) for FLASH_WaitForLastOpt
    flash.o(i.FLASH_ConfigUserOB) refers to flash.o(i.FLASH_GetReadOutProtectionL2STS) for FLASH_GetReadOutProtectionL2STS
    flash.o(i.FLASH_ConfigUserOB) refers to flash.o(i.FLASH_GetReadOutProtectionSTS) for FLASH_GetReadOutProtectionSTS
    flash.o(i.FLASH_ConfigUserOB) refers to flash.o(i.FLASH_ClearFlag) for FLASH_ClearFlag
    flash.o(i.FLASH_ConfigUserOB) refers to flash.o(i.FLASH_WaitForLastOpt) for FLASH_WaitForLastOpt
    flash.o(i.FLASH_EnWriteProtection) refers to flash.o(i.FLASH_GetReadOutProtectionL2STS) for FLASH_GetReadOutProtectionL2STS
    flash.o(i.FLASH_EnWriteProtection) refers to flash.o(i.FLASH_ClearFlag) for FLASH_ClearFlag
    flash.o(i.FLASH_EnWriteProtection) refers to flash.o(i.FLASH_WaitForLastOpt) for FLASH_WaitForLastOpt
    flash.o(i.FLASH_EraseOB) refers to flash.o(i.FLASH_GetReadOutProtectionL2STS) for FLASH_GetReadOutProtectionL2STS
    flash.o(i.FLASH_EraseOB) refers to flash.o(i.FLASH_GetReadOutProtectionSTS) for FLASH_GetReadOutProtectionSTS
    flash.o(i.FLASH_EraseOB) refers to flash.o(i.FLASH_ClearFlag) for FLASH_ClearFlag
    flash.o(i.FLASH_EraseOB) refers to flash.o(i.FLASH_WaitForLastOpt) for FLASH_WaitForLastOpt
    flash.o(i.FLASH_EraseOnePage) refers to flash.o(i.FLASH_ClearFlag) for FLASH_ClearFlag
    flash.o(i.FLASH_EraseOnePage) refers to flash.o(i.FLASH_WaitForLastOpt) for FLASH_WaitForLastOpt
    flash.o(i.FLASH_MassErase) refers to flash.o(i.FLASH_ClearFlag) for FLASH_ClearFlag
    flash.o(i.FLASH_MassErase) refers to flash.o(i.FLASH_WaitForLastOpt) for FLASH_WaitForLastOpt
    flash.o(i.FLASH_ProgramOBData) refers to flash.o(i.FLASH_GetReadOutProtectionL2STS) for FLASH_GetReadOutProtectionL2STS
    flash.o(i.FLASH_ProgramOBData) refers to flash.o(i.FLASH_ClearFlag) for FLASH_ClearFlag
    flash.o(i.FLASH_ProgramOBData) refers to flash.o(i.FLASH_WaitForLastOpt) for FLASH_WaitForLastOpt
    flash.o(i.FLASH_ProgramWord) refers to flash.o(i.FLASH_ClearFlag) for FLASH_ClearFlag
    flash.o(i.FLASH_ProgramWord) refers to flash.o(i.FLASH_WaitForLastOpt) for FLASH_WaitForLastOpt
    flash.o(i.FLASH_ReadOutProtectionL1) refers to flash.o(i.FLASH_GetReadOutProtectionL2STS) for FLASH_GetReadOutProtectionL2STS
    flash.o(i.FLASH_ReadOutProtectionL1) refers to flash.o(i.FLASH_ClearFlag) for FLASH_ClearFlag
    flash.o(i.FLASH_ReadOutProtectionL1) refers to flash.o(i.FLASH_WaitForLastOpt) for FLASH_WaitForLastOpt
    flash.o(i.FLASH_ReadOutProtectionL2_ENABLE) refers to flash.o(i.FLASH_GetReadOutProtectionSTS) for FLASH_GetReadOutProtectionSTS
    flash.o(i.FLASH_ReadOutProtectionL2_ENABLE) refers to flash.o(i.FLASH_GetReadOutProtectionL2STS) for FLASH_GetReadOutProtectionL2STS
    flash.o(i.FLASH_ReadOutProtectionL2_ENABLE) refers to flash.o(i.FLASH_ClearFlag) for FLASH_ClearFlag
    flash.o(i.FLASH_ReadOutProtectionL2_ENABLE) refers to flash.o(i.FLASH_WaitForLastOpt) for FLASH_WaitForLastOpt
    flash.o(i.FLASH_WaitForLastOpt) refers to flash.o(i.FLASH_GetSTS) for FLASH_GetSTS
    proc.o(i.FlashCheck) refers to proc.o(.data) for Flash_Check
    proc.o(i.GetLockCode) refers to proc.o(.bss) for cpuID
    proc.o(i.ReadInf) refers to proc.o(i.ResetInf) for ResetInf
    proc.o(i.ReadInf) refers to flash.o(i.FLASH_Lock) for FLASH_Lock
    proc.o(i.ReadInf) refers to proc.o(.data) for Address
    proc.o(i.ResetInf) refers to flash.o(i.FLASH_Unlock) for FLASH_Unlock
    proc.o(i.ResetInf) refers to flash.o(i.FLASH_ClearFlag) for FLASH_ClearFlag
    proc.o(i.ResetInf) refers to flash.o(i.FLASH_EraseOnePage) for FLASH_EraseOnePage
    proc.o(i.ResetInf) refers to proc.o(.data) for Address
    proc.o(i.WriteInf) refers to flash.o(i.FLASH_Unlock) for FLASH_Unlock
    proc.o(i.WriteInf) refers to flash.o(i.FLASH_ClearFlag) for FLASH_ClearFlag
    proc.o(i.WriteInf) refers to flash.o(i.FLASH_EraseOnePage) for FLASH_EraseOnePage
    proc.o(i.WriteInf) refers to flash.o(i.FLASH_Lock) for FLASH_Lock
    __2sprintf.o(.text) refers to _printf_char_common.o(.text) for _printf_char_common
    __2sprintf.o(.text) refers to _sputc.o(.text) for _sputc
    noretval__2sprintf.o(.text) refers to _printf_char_common.o(.text) for _printf_char_common
    noretval__2sprintf.o(.text) refers to _sputc.o(.text) for _sputc
    __printf.o(.text) refers to _printf_percent.o(.ARM.Collect$$_printf_percent$$00000000) for _printf_percent
    _printf_dec.o(.text) refers to rtudiv10.o(.text) for __rt_udiv10
    _printf_dec.o(.text) refers to _printf_intcommon.o(.text) for _printf_int_common
    __printf_flags.o(.text) refers to _printf_percent.o(.ARM.Collect$$_printf_percent$$00000000) for _printf_percent
    __printf_flags.o(.text) refers to __printf_flags.o(.constdata) for .constdata
    __printf_ss.o(.text) refers to _printf_percent.o(.ARM.Collect$$_printf_percent$$00000000) for _printf_percent
    __printf_flags_ss.o(.text) refers to _printf_percent.o(.ARM.Collect$$_printf_percent$$00000000) for _printf_percent
    __printf_flags_ss.o(.text) refers to __printf_flags_ss.o(.constdata) for .constdata
    __printf_wp.o(.text) refers to __printf_wp.o(i._is_digit) for _is_digit
    __printf_wp.o(.text) refers to _printf_percent.o(.ARM.Collect$$_printf_percent$$00000000) for _printf_percent
    __printf_flags_wp.o(.text) refers to __printf_wp.o(i._is_digit) for _is_digit
    __printf_flags_wp.o(.text) refers to _printf_percent.o(.ARM.Collect$$_printf_percent$$00000000) for _printf_percent
    __printf_flags_wp.o(.text) refers to __printf_flags_wp.o(.constdata) for .constdata
    __printf_ss_wp.o(.text) refers to __printf_wp.o(i._is_digit) for _is_digit
    __printf_ss_wp.o(.text) refers to _printf_percent.o(.ARM.Collect$$_printf_percent$$00000000) for _printf_percent
    __printf_flags_ss_wp.o(.text) refers to __printf_wp.o(i._is_digit) for _is_digit
    __printf_flags_ss_wp.o(.text) refers to _printf_percent.o(.ARM.Collect$$_printf_percent$$00000000) for _printf_percent
    __printf_flags_ss_wp.o(.text) refers to __printf_flags_ss_wp.o(.constdata) for .constdata
    _printf_d.o(.ARM.Collect$$_printf_percent$$00000009) refers (Weak) to _printf_dec.o(.text) for _printf_int_dec
    _printf_percent.o(.ARM.Collect$$_printf_percent$$00000000) refers (Special) to _printf_percent_end.o(.ARM.Collect$$_printf_percent$$00000017) for _printf_percent_end
    rt_memcpy.o(.text) refers to rt_memcpy.o(.emb_text) for __aeabi_memcpy4
    __main.o(!!!main) refers to __rtentry.o(.ARM.Collect$$rtentry$$00000000) for __rt_entry
    faddsub.o(x$fpl$fadd) refers (Special) to usenofp.o(x$fpl$usenofp) for __I$use$fp
    faddsub.o(x$fpl$fadd) refers to faddsub.o(x$fpl$fsub) for _fsub1
    faddsub.o(x$fpl$frsb) refers (Special) to usenofp.o(x$fpl$usenofp) for __I$use$fp
    faddsub.o(x$fpl$frsb) refers to faddsub.o(x$fpl$fsub) for _fsub1
    faddsub.o(x$fpl$frsb) refers to faddsub.o(x$fpl$fadd) for _fadd1
    faddsub.o(x$fpl$fsub) refers (Special) to usenofp.o(x$fpl$usenofp) for __I$use$fp
    faddsub.o(x$fpl$fsub) refers to faddsub.o(x$fpl$fadd) for _fadd1
    fdiv.o(.text) refers (Special) to usenofp.o(x$fpl$usenofp) for __I$use$fp
    fdiv.o(.text) refers to fdiv.o(.constdata) for .constdata
    fdiv.o(.constdata) refers (Special) to usenofp.o(x$fpl$usenofp) for __I$use$fp
    ffixui.o(.text) refers (Special) to usenofp.o(x$fpl$usenofp) for __I$use$fp
    fflti.o(.text) refers (Special) to usenofp.o(x$fpl$usenofp) for __I$use$fp
    fmul.o(x$fpl$fmul) refers (Special) to usenofp.o(x$fpl$usenofp) for __I$use$fp
    __rtentry.o(.ARM.Collect$$rtentry$$00000000) refers (Special) to __rtentry2.o(.ARM.Collect$$rtentry$$0000000A) for __rt_entry_li
    __rtentry.o(.ARM.Collect$$rtentry$$00000000) refers (Special) to __rtentry2.o(.ARM.Collect$$rtentry$$0000000D) for __rt_entry_main
    __rtentry.o(.ARM.Collect$$rtentry$$00000000) refers (Special) to __rtentry2.o(.ARM.Collect$$rtentry$$0000000C) for __rt_entry_postli_1
    __rtentry.o(.ARM.Collect$$rtentry$$00000000) refers (Special) to __rtentry2.o(.ARM.Collect$$rtentry$$00000009) for __rt_entry_postsh_1
    __rtentry.o(.ARM.Collect$$rtentry$$00000000) refers (Special) to __rtentry2.o(.ARM.Collect$$rtentry$$00000002) for __rt_entry_presh_1
    __rtentry.o(.ARM.Collect$$rtentry$$00000000) refers (Special) to __rtentry4.o(.ARM.Collect$$rtentry$$00000004) for __rt_entry_sh
    aeabi_idiv0_sigfpe.o(.text) refers to rt_div0.o(.text) for __rt_div0
    _printf_char_common.o(.text) refers to __printf.o(.text) for __printf
    __rtentry2.o(.ARM.Collect$$rtentry$$00000008) refers to boardinit2.o(.text) for _platform_post_stackheap_init
    __rtentry2.o(.ARM.Collect$$rtentry$$0000000A) refers to libinit.o(.ARM.Collect$$libinit$$00000000) for __rt_lib_init
    __rtentry2.o(.ARM.Collect$$rtentry$$0000000B) refers to boardinit3.o(.text) for _platform_post_lib_init
    __rtentry2.o(.ARM.Collect$$rtentry$$0000000D) refers to main.o(i.main) for main
    __rtentry2.o(.ARM.Collect$$rtentry$$0000000D) refers to exit.o(.text) for exit
    __rtentry2.o(.ARM.exidx) refers to __rtentry2.o(.ARM.Collect$$rtentry$$00000001) for .ARM.Collect$$rtentry$$00000001
    __rtentry2.o(.ARM.exidx) refers to __rtentry2.o(.ARM.Collect$$rtentry$$00000008) for .ARM.Collect$$rtentry$$00000008
    __rtentry2.o(.ARM.exidx) refers to __rtentry2.o(.ARM.Collect$$rtentry$$0000000A) for .ARM.Collect$$rtentry$$0000000A
    __rtentry2.o(.ARM.exidx) refers to __rtentry2.o(.ARM.Collect$$rtentry$$0000000B) for .ARM.Collect$$rtentry$$0000000B
    __rtentry2.o(.ARM.exidx) refers to __rtentry2.o(.ARM.Collect$$rtentry$$0000000D) for .ARM.Collect$$rtentry$$0000000D
    __rtentry4.o(.ARM.Collect$$rtentry$$00000004) refers to sys_stackheap_outer.o(.text) for __user_setup_stackheap
    __rtentry4.o(.ARM.exidx) refers to __rtentry4.o(.ARM.Collect$$rtentry$$00000004) for .ARM.Collect$$rtentry$$00000004
    rt_div0.o(.text) refers to defsig_fpe_outer.o(.text) for __rt_SIGFPE
    sys_stackheap_outer.o(.text) refers to libspace.o(.text) for __user_perproc_libspace
    sys_stackheap_outer.o(.text) refers to startup_n32g031.o(.text) for __user_initial_stackheap
    sys_stackheap_outer.o(__vectab_stack_and_reset_area) refers to tempstk.o(.text) for __temporary_stack_top
    sys_stackheap_outer.o(__vectab_stack_and_reset_area) refers to __main.o(!!!main) for __main
    exit.o(.text) refers to rtexit.o(.ARM.Collect$$rtexit$$00000000) for __rt_exit
    defsig_fpe_outer.o(.text) refers to defsig_fpe_inner.o(.text) for __rt_SIGFPE_inner
    defsig_fpe_outer.o(.text) refers to defsig_exit.o(.text) for __sig_exit
    defsig_fpe_formal.o(.text) refers to rt_raise.o(.text) for __rt_raise
    libinit.o(.ARM.Collect$$libinit$$00000000) refers (Special) to libinit2.o(.ARM.Collect$$libinit$$0000002E) for __rt_lib_init_alloca_1
    libinit.o(.ARM.Collect$$libinit$$00000000) refers (Special) to libinit2.o(.ARM.Collect$$libinit$$0000002C) for __rt_lib_init_argv_1
    libinit.o(.ARM.Collect$$libinit$$00000000) refers (Special) to libinit2.o(.ARM.Collect$$libinit$$0000001B) for __rt_lib_init_atexit_1
    libinit.o(.ARM.Collect$$libinit$$00000000) refers (Special) to libinit2.o(.ARM.Collect$$libinit$$00000021) for __rt_lib_init_clock_1
    libinit.o(.ARM.Collect$$libinit$$00000000) refers (Special) to libinit2.o(.ARM.Collect$$libinit$$00000032) for __rt_lib_init_cpp_1
    libinit.o(.ARM.Collect$$libinit$$00000000) refers (Special) to libinit2.o(.ARM.Collect$$libinit$$00000030) for __rt_lib_init_exceptions_1
    libinit.o(.ARM.Collect$$libinit$$00000000) refers (Special) to libinit2.o(.ARM.Collect$$libinit$$00000002) for __rt_lib_init_fp_1
    libinit.o(.ARM.Collect$$libinit$$00000000) refers (Special) to libinit2.o(.ARM.Collect$$libinit$$0000001F) for __rt_lib_init_fp_trap_1
    libinit.o(.ARM.Collect$$libinit$$00000000) refers (Special) to libinit2.o(.ARM.Collect$$libinit$$00000023) for __rt_lib_init_getenv_1
    libinit.o(.ARM.Collect$$libinit$$00000000) refers (Special) to libinit2.o(.ARM.Collect$$libinit$$0000000A) for __rt_lib_init_heap_1
    libinit.o(.ARM.Collect$$libinit$$00000000) refers (Special) to libinit2.o(.ARM.Collect$$libinit$$00000011) for __rt_lib_init_lc_collate_1
    libinit.o(.ARM.Collect$$libinit$$00000000) refers (Special) to libinit2.o(.ARM.Collect$$libinit$$00000013) for __rt_lib_init_lc_ctype_1
    libinit.o(.ARM.Collect$$libinit$$00000000) refers (Special) to libinit2.o(.ARM.Collect$$libinit$$00000015) for __rt_lib_init_lc_monetary_1
    libinit.o(.ARM.Collect$$libinit$$00000000) refers (Special) to libinit2.o(.ARM.Collect$$libinit$$00000017) for __rt_lib_init_lc_numeric_1
    libinit.o(.ARM.Collect$$libinit$$00000000) refers (Special) to libinit2.o(.ARM.Collect$$libinit$$00000019) for __rt_lib_init_lc_time_1
    libinit.o(.ARM.Collect$$libinit$$00000000) refers (Special) to libinit2.o(.ARM.Collect$$libinit$$00000004) for __rt_lib_init_preinit_1
    libinit.o(.ARM.Collect$$libinit$$00000000) refers (Special) to libinit2.o(.ARM.Collect$$libinit$$0000000E) for __rt_lib_init_rand_1
    libinit.o(.ARM.Collect$$libinit$$00000000) refers (Special) to libinit2.o(.ARM.Collect$$libinit$$00000033) for __rt_lib_init_return
    libinit.o(.ARM.Collect$$libinit$$00000000) refers (Special) to libinit2.o(.ARM.Collect$$libinit$$0000001D) for __rt_lib_init_signal_1
    libinit.o(.ARM.Collect$$libinit$$00000000) refers (Special) to libinit2.o(.ARM.Collect$$libinit$$00000025) for __rt_lib_init_stdio_1
    libinit.o(.ARM.Collect$$libinit$$00000000) refers (Special) to libinit2.o(.ARM.Collect$$libinit$$0000000C) for __rt_lib_init_user_alloc_1
    libspace.o(.text) refers to libspace.o(.bss) for __libspace_start
    rtexit.o(.ARM.Collect$$rtexit$$00000000) refers (Special) to rtexit2.o(.ARM.Collect$$rtexit$$00000004) for __rt_exit_exit
    rtexit.o(.ARM.Collect$$rtexit$$00000000) refers (Special) to rtexit2.o(.ARM.Collect$$rtexit$$00000003) for __rt_exit_ls
    rtexit.o(.ARM.Collect$$rtexit$$00000000) refers (Special) to rtexit2.o(.ARM.Collect$$rtexit$$00000002) for __rt_exit_prels_1
    rtexit.o(.ARM.exidx) refers (Special) to rtexit2.o(.ARM.Collect$$rtexit$$00000004) for __rt_exit_exit
    rtexit.o(.ARM.exidx) refers (Special) to rtexit2.o(.ARM.Collect$$rtexit$$00000003) for __rt_exit_ls
    rtexit.o(.ARM.exidx) refers (Special) to rtexit2.o(.ARM.Collect$$rtexit$$00000002) for __rt_exit_prels_1
    rtexit.o(.ARM.exidx) refers to rtexit.o(.ARM.Collect$$rtexit$$00000000) for .ARM.Collect$$rtexit$$00000000
    rt_raise.o(.text) refers to __raise.o(.text) for __raise
    rt_raise.o(.text) refers to init.o(i._sys_exit) for _sys_exit
    defsig_exit.o(.text) refers to init.o(i._sys_exit) for _sys_exit
    defsig_fpe_inner.o(.text) refers to defsig_general.o(.text) for __default_signal_display
    libinit2.o(.ARM.Collect$$libinit$$00000010) refers to libinit2.o(.ARM.Collect$$libinit$$0000000F) for .ARM.Collect$$libinit$$0000000F
    libinit2.o(.ARM.Collect$$libinit$$00000012) refers to libinit2.o(.ARM.Collect$$libinit$$0000000F) for .ARM.Collect$$libinit$$0000000F
    libinit2.o(.ARM.Collect$$libinit$$00000014) refers to libinit2.o(.ARM.Collect$$libinit$$0000000F) for .ARM.Collect$$libinit$$0000000F
    libinit2.o(.ARM.Collect$$libinit$$00000016) refers to libinit2.o(.ARM.Collect$$libinit$$0000000F) for .ARM.Collect$$libinit$$0000000F
    libinit2.o(.ARM.Collect$$libinit$$00000018) refers to libinit2.o(.ARM.Collect$$libinit$$0000000F) for .ARM.Collect$$libinit$$0000000F
    libinit2.o(.ARM.Collect$$libinit$$00000026) refers to argv_veneer.o(.text) for __ARM_argv_veneer
    libinit2.o(.ARM.Collect$$libinit$$00000027) refers to argv_veneer.o(.text) for __ARM_argv_veneer
    rtexit2.o(.ARM.Collect$$rtexit$$00000003) refers to libshutdown.o(.ARM.Collect$$libshutdown$$00000000) for __rt_lib_shutdown
    rtexit2.o(.ARM.Collect$$rtexit$$00000004) refers to init.o(i._sys_exit) for _sys_exit
    rtexit2.o(.ARM.exidx) refers to rtexit2.o(.ARM.Collect$$rtexit$$00000001) for .ARM.Collect$$rtexit$$00000001
    rtexit2.o(.ARM.exidx) refers to rtexit2.o(.ARM.Collect$$rtexit$$00000003) for .ARM.Collect$$rtexit$$00000003
    rtexit2.o(.ARM.exidx) refers to rtexit2.o(.ARM.Collect$$rtexit$$00000004) for .ARM.Collect$$rtexit$$00000004
    __raise.o(.text) refers to defsig.o(CL$$defsig) for __default_signal_handler
    defsig_general.o(.text) refers to sys_wrch.o(.text) for _ttywrch
    sys_wrch.o(.text) refers (Special) to use_no_semi.o(.text) for __I$use$semihosting
    sys_wrch.o(.text) refers (Special) to indicate_semi.o(.text) for __semihosting_library_function
    defsig.o(CL$$defsig) refers to defsig_fpe_inner.o(.text) for __rt_SIGFPE_inner
    defsig.o(CL$$defsig) refers to defsig_rtmem_inner.o(.text) for __rt_SIGRTMEM_inner
    _get_argv_nomalloc.o(.text) refers (Special) to hrguard.o(.text) for __heap_region$guard
    _get_argv_nomalloc.o(.text) refers to defsig_rtmem_outer.o(.text) for __rt_SIGRTMEM
    _get_argv_nomalloc.o(.text) refers to sys_command.o(.text) for _sys_command_string
    libshutdown.o(.ARM.Collect$$libshutdown$$00000000) refers (Special) to libshutdown2.o(.ARM.Collect$$libshutdown$$00000002) for __rt_lib_shutdown_cpp_1
    libshutdown.o(.ARM.Collect$$libshutdown$$00000000) refers (Special) to libshutdown2.o(.ARM.Collect$$libshutdown$$00000007) for __rt_lib_shutdown_fp_trap_1
    libshutdown.o(.ARM.Collect$$libshutdown$$00000000) refers (Special) to libshutdown2.o(.ARM.Collect$$libshutdown$$0000000F) for __rt_lib_shutdown_heap_1
    libshutdown.o(.ARM.Collect$$libshutdown$$00000000) refers (Special) to libshutdown2.o(.ARM.Collect$$libshutdown$$00000010) for __rt_lib_shutdown_return
    libshutdown.o(.ARM.Collect$$libshutdown$$00000000) refers (Special) to libshutdown2.o(.ARM.Collect$$libshutdown$$0000000A) for __rt_lib_shutdown_signal_1
    libshutdown.o(.ARM.Collect$$libshutdown$$00000000) refers (Special) to libshutdown2.o(.ARM.Collect$$libshutdown$$00000004) for __rt_lib_shutdown_stdio_1
    libshutdown.o(.ARM.Collect$$libshutdown$$00000000) refers (Special) to libshutdown2.o(.ARM.Collect$$libshutdown$$0000000C) for __rt_lib_shutdown_user_alloc_1
    sys_command.o(.text) refers (Special) to use_no_semi.o(.text) for __I$use$semihosting
    sys_command.o(.text) refers (Special) to indicate_semi.o(.text) for __semihosting_library_function
    defsig_abrt_inner.o(.text) refers to defsig_general.o(.text) for __default_signal_display
    defsig_rtred_inner.o(.text) refers to defsig_general.o(.text) for __default_signal_display
    defsig_rtmem_inner.o(.text) refers to defsig_general.o(.text) for __default_signal_display
    defsig_rtmem_outer.o(.text) refers to defsig_rtmem_inner.o(.text) for __rt_SIGRTMEM_inner
    defsig_rtmem_outer.o(.text) refers to defsig_exit.o(.text) for __sig_exit
    defsig_rtmem_formal.o(.text) refers to rt_raise.o(.text) for __rt_raise
    defsig_stak_inner.o(.text) refers to defsig_general.o(.text) for __default_signal_display
    defsig_pvfn_inner.o(.text) refers to defsig_general.o(.text) for __default_signal_display
    defsig_cppl_inner.o(.text) refers to defsig_general.o(.text) for __default_signal_display
    defsig_segv_inner.o(.text) refers to defsig_general.o(.text) for __default_signal_display
    defsig_other.o(.text) refers to defsig_general.o(.text) for __default_signal_display


==============================================================================

Removing Unused input sections from the image.

    Removing system_n32g031.o(.emb_text), (8 bytes).
    Removing system_n32g031.o(i.SystemCoreClockUpdate), (256 bytes).
    Removing system_n32g031.o(.constdata), (16 bytes).
    Removing system_n32g031.o(.data), (4 bytes).
    Removing main.o(.emb_text), (8 bytes).
    Removing main.o(.bss), (100 bytes).
    Removing n32g030_it.o(.emb_text), (8 bytes).
    Removing delay.o(.emb_text), (8 bytes).
    Removing delay.o(i.Delay), (18 bytes).
    Removing delay.o(i.NVIC_SetPriority), (120 bytes).
    Removing delay.o(i.SysTick_Init), (76 bytes).
    Removing delay.o(i.delay_init), (64 bytes).
    Removing delay.o(i.delay_ms), (80 bytes).
    Removing delay.o(i.delay_us), (80 bytes).
    Removing delay.o(.data), (4 bytes).
    Removing led.o(.emb_text), (8 bytes).
    Removing led.o(i.LED_Init), (76 bytes).
    Removing led.o(i.SetLed), (40 bytes).
    Removing modbus_slave.o(.emb_text), (8 bytes).
    Removing modbus_slave.o(i.BEBufToUint16), (12 bytes).
    Removing modbus_slave.o(i.CRC16_Modbus), (56 bytes).
    Removing modbus_slave.o(i.MODS_03H), (292 bytes).
    Removing modbus_slave.o(i.MODS_06H), (92 bytes).
    Removing modbus_slave.o(i.MODS_AnalyzeApp), (56 bytes).
    Removing modbus_slave.o(i.MODS_Poll), (92 bytes).
    Removing modbus_slave.o(i.MODS_ReadRegValue), (26 bytes).
    Removing modbus_slave.o(i.MODS_SendAckErr), (48 bytes).
    Removing modbus_slave.o(i.MODS_SendAckOk), (36 bytes).
    Removing modbus_slave.o(i.MODS_SendWithCRC), (88 bytes).
    Removing modbus_slave.o(i.MODS_WriteRegValue), (32 bytes).
    Removing modbus_slave.o(.constdata), (512 bytes).
    Removing init.o(.emb_text), (8 bytes).
    Removing init.o(i.TIM1_Conf), (96 bytes).
    Removing init.o(i.USART1_Modelbaud_Set), (176 bytes).
    Removing flash.o(.emb_text), (8 bytes).
    Removing flash.o(i.FLASH_ClearFlag), (16 bytes).
    Removing flash.o(i.FLASH_ConfigALLOptionByte), (324 bytes).
    Removing flash.o(i.FLASH_ConfigUserOB), (244 bytes).
    Removing flash.o(i.FLASH_EnWriteProtection), (148 bytes).
    Removing flash.o(i.FLASH_EraseOB), (208 bytes).
    Removing flash.o(i.FLASH_EraseOnePage), (88 bytes).
    Removing flash.o(i.FLASH_GetFlagSTS), (48 bytes).
    Removing flash.o(i.FLASH_GetPrefetchBufSTS), (28 bytes).
    Removing flash.o(i.FLASH_GetReadOutProtectionL2STS), (28 bytes).
    Removing flash.o(i.FLASH_GetReadOutProtectionSTS), (28 bytes).
    Removing flash.o(i.FLASH_GetSTS), (60 bytes).
    Removing flash.o(i.FLASH_GetUserOB), (16 bytes).
    Removing flash.o(i.FLASH_GetWriteProtectionOB), (12 bytes).
    Removing flash.o(i.FLASH_INTConfig), (32 bytes).
    Removing flash.o(i.FLASH_Lock), (20 bytes).
    Removing flash.o(i.FLASH_MassErase), (84 bytes).
    Removing flash.o(i.FLASH_PrefetchBufSet), (28 bytes).
    Removing flash.o(i.FLASH_ProgramOBData), (112 bytes).
    Removing flash.o(i.FLASH_ProgramWord), (80 bytes).
    Removing flash.o(i.FLASH_ReadOutProtectionL1), (224 bytes).
    Removing flash.o(i.FLASH_ReadOutProtectionL2_ENABLE), (244 bytes).
    Removing flash.o(i.FLASH_SetLatency), (28 bytes).
    Removing flash.o(i.FLASH_Unlock), (36 bytes).
    Removing flash.o(i.FLASH_WaitForLastOpt), (40 bytes).
    Removing proc.o(.emb_text), (8 bytes).
    Removing proc.o(i.FlashCheck), (148 bytes).
    Removing proc.o(i.GetLockCode), (68 bytes).
    Removing proc.o(i.RS485_SendBuf), (84 bytes).
    Removing proc.o(i.ReadInf), (88 bytes).
    Removing proc.o(i.ResetInf), (44 bytes).
    Removing proc.o(i.WriteInf), (36 bytes).
    Removing proc.o(.bss), (24 bytes).

67 unused section(s) (total 5288 bytes) removed from the image.

==============================================================================

Image Symbol Table

    Local Symbols

    Symbol Name                              Value     Ov Type        Size  Object(Section)

    ../clib/angel/boardlib.s                 0x00000000   Number         0  boardinit1.o ABSOLUTE
    ../clib/angel/boardlib.s                 0x00000000   Number         0  boardinit2.o ABSOLUTE
    ../clib/angel/boardlib.s                 0x00000000   Number         0  boardinit3.o ABSOLUTE
    ../clib/angel/boardlib.s                 0x00000000   Number         0  boardshut.o ABSOLUTE
    ../clib/angel/handlers.s                 0x00000000   Number         0  __scatter_zi.o ABSOLUTE
    ../clib/angel/handlers.s                 0x00000000   Number         0  __scatter_copy.o ABSOLUTE
    ../clib/angel/kernel.s                   0x00000000   Number         0  __rtentry2.o ABSOLUTE
    ../clib/angel/kernel.s                   0x00000000   Number         0  __rtentry4.o ABSOLUTE
    ../clib/angel/kernel.s                   0x00000000   Number         0  rtexit2.o ABSOLUTE
    ../clib/angel/kernel.s                   0x00000000   Number         0  rtexit.o ABSOLUTE
    ../clib/angel/kernel.s                   0x00000000   Number         0  __rtentry.o ABSOLUTE
    ../clib/angel/rt.s                       0x00000000   Number         0  aeabi_idiv0_sigfpe.o ABSOLUTE
    ../clib/angel/rt.s                       0x00000000   Number         0  aeabi_idiv0.o ABSOLUTE
    ../clib/angel/rt.s                       0x00000000   Number         0  rt_div0.o ABSOLUTE
    ../clib/angel/rt.s                       0x00000000   Number         0  rt_raise.o ABSOLUTE
    ../clib/angel/scatterp.s                 0x00000000   Number         0  __scatter.o ABSOLUTE
    ../clib/angel/startup.s                  0x00000000   Number         0  __main.o ABSOLUTE
    ../clib/angel/sys.s                      0x00000000   Number         0  sys_stackheap_outer.o ABSOLUTE
    ../clib/angel/sys.s                      0x00000000   Number         0  tempstk.o ABSOLUTE
    ../clib/angel/sys.s                      0x00000000   Number         0  libspace.o ABSOLUTE
    ../clib/angel/sys.s                      0x00000000   Number         0  indicate_semi.o ABSOLUTE
    ../clib/angel/sys.s                      0x00000000   Number         0  use_no_semi.o ABSOLUTE
    ../clib/angel/sysapp.c                   0x00000000   Number         0  sys_wrch.o ABSOLUTE
    ../clib/angel/sysapp.c                   0x00000000   Number         0  sys_command.o ABSOLUTE
    ../clib/armsys.c                         0x00000000   Number         0  _get_argv_nomalloc.o ABSOLUTE
    ../clib/armsys.c                         0x00000000   Number         0  argv_veneer.o ABSOLUTE
    ../clib/armsys.c                         0x00000000   Number         0  no_argv.o ABSOLUTE
    ../clib/division.c                       0x00000000   Number         0  rtudiv10.o ABSOLUTE
    ../clib/division.s                       0x00000000   Number         0  aeabi_sdiv_div0.o ABSOLUTE
    ../clib/division.s                       0x00000000   Number         0  aeabi_sdiv.o ABSOLUTE
    ../clib/heapalloc.c                      0x00000000   Number         0  hrguard.o ABSOLUTE
    ../clib/heapaux.c                        0x00000000   Number         0  heapauxi.o ABSOLUTE
    ../clib/libinit.s                        0x00000000   Number         0  libshutdown.o ABSOLUTE
    ../clib/libinit.s                        0x00000000   Number         0  libinit.o ABSOLUTE
    ../clib/libinit.s                        0x00000000   Number         0  libshutdown2.o ABSOLUTE
    ../clib/libinit.s                        0x00000000   Number         0  libinit2.o ABSOLUTE
    ../clib/memcpset.c                       0x00000000   Number         0  rt_memcpy.o ABSOLUTE
    ../clib/memcpset.c                       0x00000000   Number         0  rt_memcpy.o ABSOLUTE
    ../clib/memcpset.c                       0x00000000   Number         0  rt_memclr.o ABSOLUTE
    ../clib/printf.c                         0x00000000   Number         0  __printf_flags_wp.o ABSOLUTE
    ../clib/printf.c                         0x00000000   Number         0  __printf_ss_wp.o ABSOLUTE
    ../clib/printf.c                         0x00000000   Number         0  __printf_nopercent.o ABSOLUTE
    ../clib/printf.c                         0x00000000   Number         0  _printf_intcommon.o ABSOLUTE
    ../clib/printf.c                         0x00000000   Number         0  __printf_wp.o ABSOLUTE
    ../clib/printf.c                         0x00000000   Number         0  noretval__2sprintf.o ABSOLUTE
    ../clib/printf.c                         0x00000000   Number         0  __printf_flags_ss_wp.o ABSOLUTE
    ../clib/printf.c                         0x00000000   Number         0  __printf.o ABSOLUTE
    ../clib/printf.c                         0x00000000   Number         0  _printf_dec.o ABSOLUTE
    ../clib/printf.c                         0x00000000   Number         0  __printf_flags.o ABSOLUTE
    ../clib/printf.c                         0x00000000   Number         0  __printf_ss.o ABSOLUTE
    ../clib/printf.c                         0x00000000   Number         0  __printf_flags_ss.o ABSOLUTE
    ../clib/printf.c                         0x00000000   Number         0  __2sprintf.o ABSOLUTE
    ../clib/printf.c                         0x00000000   Number         0  _sputc.o ABSOLUTE
    ../clib/printf.c                         0x00000000   Number         0  _printf_char_common.o ABSOLUTE
    ../clib/printf_percent.s                 0x00000000   Number         0  _printf_d.o ABSOLUTE
    ../clib/printf_percent.s                 0x00000000   Number         0  _printf_percent_end.o ABSOLUTE
    ../clib/printf_percent.s                 0x00000000   Number         0  _printf_percent.o ABSOLUTE
    ../clib/signal.c                         0x00000000   Number         0  defsig_fpe_formal.o ABSOLUTE
    ../clib/signal.c                         0x00000000   Number         0  defsig_fpe_inner.o ABSOLUTE
    ../clib/signal.c                         0x00000000   Number         0  defsig_fpe_outer.o ABSOLUTE
    ../clib/signal.c                         0x00000000   Number         0  defsig_exit.o ABSOLUTE
    ../clib/signal.c                         0x00000000   Number         0  __raise.o ABSOLUTE
    ../clib/signal.c                         0x00000000   Number         0  defsig_abrt_inner.o ABSOLUTE
    ../clib/signal.c                         0x00000000   Number         0  defsig_general.o ABSOLUTE
    ../clib/signal.c                         0x00000000   Number         0  defsig_rtmem_outer.o ABSOLUTE
    ../clib/signal.c                         0x00000000   Number         0  defsig_rtmem_formal.o ABSOLUTE
    ../clib/signal.c                         0x00000000   Number         0  defsig_stak_inner.o ABSOLUTE
    ../clib/signal.c                         0x00000000   Number         0  defsig_cppl_inner.o ABSOLUTE
    ../clib/signal.c                         0x00000000   Number         0  defsig_segv_inner.o ABSOLUTE
    ../clib/signal.c                         0x00000000   Number         0  defsig_other.o ABSOLUTE
    ../clib/signal.c                         0x00000000   Number         0  defsig_pvfn_inner.o ABSOLUTE
    ../clib/signal.c                         0x00000000   Number         0  defsig_rtred_inner.o ABSOLUTE
    ../clib/signal.c                         0x00000000   Number         0  defsig_rtmem_inner.o ABSOLUTE
    ../clib/signal.s                         0x00000000   Number         0  defsig.o ABSOLUTE
    ../clib/stdlib.c                         0x00000000   Number         0  exit.o ABSOLUTE
    ../clib/string.c                         0x00000000   Number         0  strlen.o ABSOLUTE
    ../clib/string.c                         0x00000000   Number         0  wcslen.o ABSOLUTE
    ../fplib/cfplib/fdiv.c                   0x00000000   Number         0  fdiv.o ABSOLUTE
    ../fplib/cfplib/ffix.c                   0x00000000   Number         0  ffixui.o ABSOLUTE
    ../fplib/cfplib/fflt.c                   0x00000000   Number         0  fflti.o ABSOLUTE
    ../fplib/cfplib/fpinit.c                 0x00000000   Number         0  fpinit.o ABSOLUTE
    ../fplib/faddsub6m.s                     0x00000000   Number         0  faddsub.o ABSOLUTE
    ../fplib/fmul6m.s                        0x00000000   Number         0  fmul.o ABSOLUTE
    ../fplib/usenofp.s                       0x00000000   Number         0  usenofp.o ABSOLUTE
    ..\..\π˙√Ò≤‚ ‘031\HARDWARE\Proc.c        0x00000000   Number         0  proc.o ABSOLUTE
    ..\CMSIS\device\startup\startup_n32g031.s 0x00000000   Number         0  startup_n32g031.o ABSOLUTE
    ..\CMSIS\device\system_n32g031.c         0x00000000   Number         0  system_n32g031.o ABSOLUTE
    ..\HARDWARE\LED.c                        0x00000000   Number         0  led.o ABSOLUTE
    ..\HARDWARE\delay.c                      0x00000000   Number         0  delay.o ABSOLUTE
    ..\HARDWARE\flash.c                      0x00000000   Number         0  flash.o ABSOLUTE
    ..\HARDWARE\init.c                       0x00000000   Number         0  init.o ABSOLUTE
    ..\HARDWARE\modbus_slave.c               0x00000000   Number         0  modbus_slave.o ABSOLUTE
    ..\\..\\\271\372\303\361\262\342\312\324031\\HARDWARE\\Proc.c 0x00000000   Number         0  proc.o ABSOLUTE
    ..\\CMSIS\\device\\system_n32g031.c      0x00000000   Number         0  system_n32g031.o ABSOLUTE
    ..\\HARDWARE\\LED.c                      0x00000000   Number         0  led.o ABSOLUTE
    ..\\HARDWARE\\delay.c                    0x00000000   Number         0  delay.o ABSOLUTE
    ..\\HARDWARE\\flash.c                    0x00000000   Number         0  flash.o ABSOLUTE
    ..\\HARDWARE\\init.c                     0x00000000   Number         0  init.o ABSOLUTE
    ..\\HARDWARE\\modbus_slave.c             0x00000000   Number         0  modbus_slave.o ABSOLUTE
    dc.s                                     0x00000000   Number         0  dc.o ABSOLUTE
    main.c                                   0x00000000   Number         0  main.o ABSOLUTE
    main.c                                   0x00000000   Number         0  main.o ABSOLUTE
    n32g030_it.c                             0x00000000   Number         0  n32g030_it.o ABSOLUTE
    n32g030_it.c                             0x00000000   Number         0  n32g030_it.o ABSOLUTE
    RESET                                    0x08000000   Section      192  startup_n32g031.o(RESET)
    !!!main                                  0x080000c0   Section        8  __main.o(!!!main)
    !!!scatter                               0x080000c8   Section       60  __scatter.o(!!!scatter)
    !!handler_copy                           0x08000104   Section       26  __scatter_copy.o(!!handler_copy)
    !!handler_zi                             0x08000120   Section       28  __scatter_zi.o(!!handler_zi)
    .ARM.Collect$$_printf_percent$$00000000  0x0800013c   Section        2  _printf_percent.o(.ARM.Collect$$_printf_percent$$00000000)
    .ARM.Collect$$_printf_percent$$00000009  0x0800013e   Section       10  _printf_d.o(.ARM.Collect$$_printf_percent$$00000009)
    .ARM.Collect$$_printf_percent$$00000017  0x08000148   Section        4  _printf_percent_end.o(.ARM.Collect$$_printf_percent$$00000017)
    .ARM.Collect$$libinit$$00000000          0x0800014c   Section        2  libinit.o(.ARM.Collect$$libinit$$00000000)
    .ARM.Collect$$libinit$$00000002          0x0800014e   Section        0  libinit2.o(.ARM.Collect$$libinit$$00000002)
    .ARM.Collect$$libinit$$00000004          0x0800014e   Section        0  libinit2.o(.ARM.Collect$$libinit$$00000004)
    .ARM.Collect$$libinit$$0000000A          0x0800014e   Section        0  libinit2.o(.ARM.Collect$$libinit$$0000000A)
    .ARM.Collect$$libinit$$0000000C          0x0800014e   Section        0  libinit2.o(.ARM.Collect$$libinit$$0000000C)
    .ARM.Collect$$libinit$$0000000E          0x0800014e   Section        0  libinit2.o(.ARM.Collect$$libinit$$0000000E)
    .ARM.Collect$$libinit$$00000011          0x0800014e   Section        0  libinit2.o(.ARM.Collect$$libinit$$00000011)
    .ARM.Collect$$libinit$$00000013          0x0800014e   Section        0  libinit2.o(.ARM.Collect$$libinit$$00000013)
    .ARM.Collect$$libinit$$00000015          0x0800014e   Section        0  libinit2.o(.ARM.Collect$$libinit$$00000015)
    .ARM.Collect$$libinit$$00000017          0x0800014e   Section        0  libinit2.o(.ARM.Collect$$libinit$$00000017)
    .ARM.Collect$$libinit$$00000019          0x0800014e   Section        0  libinit2.o(.ARM.Collect$$libinit$$00000019)
    .ARM.Collect$$libinit$$0000001B          0x0800014e   Section        0  libinit2.o(.ARM.Collect$$libinit$$0000001B)
    .ARM.Collect$$libinit$$0000001D          0x0800014e   Section        0  libinit2.o(.ARM.Collect$$libinit$$0000001D)
    .ARM.Collect$$libinit$$0000001F          0x0800014e   Section        0  libinit2.o(.ARM.Collect$$libinit$$0000001F)
    .ARM.Collect$$libinit$$00000021          0x0800014e   Section        0  libinit2.o(.ARM.Collect$$libinit$$00000021)
    .ARM.Collect$$libinit$$00000023          0x0800014e   Section        0  libinit2.o(.ARM.Collect$$libinit$$00000023)
    .ARM.Collect$$libinit$$00000025          0x0800014e   Section        0  libinit2.o(.ARM.Collect$$libinit$$00000025)
    .ARM.Collect$$libinit$$0000002C          0x0800014e   Section        0  libinit2.o(.ARM.Collect$$libinit$$0000002C)
    .ARM.Collect$$libinit$$0000002E          0x0800014e   Section        0  libinit2.o(.ARM.Collect$$libinit$$0000002E)
    .ARM.Collect$$libinit$$00000030          0x0800014e   Section        0  libinit2.o(.ARM.Collect$$libinit$$00000030)
    .ARM.Collect$$libinit$$00000032          0x0800014e   Section        0  libinit2.o(.ARM.Collect$$libinit$$00000032)
    .ARM.Collect$$libinit$$00000033          0x0800014e   Section        2  libinit2.o(.ARM.Collect$$libinit$$00000033)
    .ARM.Collect$$libshutdown$$00000000      0x08000150   Section        2  libshutdown.o(.ARM.Collect$$libshutdown$$00000000)
    .ARM.Collect$$libshutdown$$00000002      0x08000152   Section        0  libshutdown2.o(.ARM.Collect$$libshutdown$$00000002)
    .ARM.Collect$$libshutdown$$00000004      0x08000152   Section        0  libshutdown2.o(.ARM.Collect$$libshutdown$$00000004)
    .ARM.Collect$$libshutdown$$00000007      0x08000152   Section        0  libshutdown2.o(.ARM.Collect$$libshutdown$$00000007)
    .ARM.Collect$$libshutdown$$0000000A      0x08000152   Section        0  libshutdown2.o(.ARM.Collect$$libshutdown$$0000000A)
    .ARM.Collect$$libshutdown$$0000000C      0x08000152   Section        0  libshutdown2.o(.ARM.Collect$$libshutdown$$0000000C)
    .ARM.Collect$$libshutdown$$0000000F      0x08000152   Section        0  libshutdown2.o(.ARM.Collect$$libshutdown$$0000000F)
    .ARM.Collect$$libshutdown$$00000010      0x08000152   Section        2  libshutdown2.o(.ARM.Collect$$libshutdown$$00000010)
    .ARM.Collect$$rtentry$$00000000          0x08000154   Section        0  __rtentry.o(.ARM.Collect$$rtentry$$00000000)
    .ARM.Collect$$rtentry$$00000002          0x08000154   Section        0  __rtentry2.o(.ARM.Collect$$rtentry$$00000002)
    .ARM.Collect$$rtentry$$00000004          0x08000154   Section        6  __rtentry4.o(.ARM.Collect$$rtentry$$00000004)
    .ARM.Collect$$rtentry$$00000009          0x0800015a   Section        0  __rtentry2.o(.ARM.Collect$$rtentry$$00000009)
    .ARM.Collect$$rtentry$$0000000A          0x0800015a   Section        4  __rtentry2.o(.ARM.Collect$$rtentry$$0000000A)
    .ARM.Collect$$rtentry$$0000000C          0x0800015e   Section        0  __rtentry2.o(.ARM.Collect$$rtentry$$0000000C)
    .ARM.Collect$$rtentry$$0000000D          0x0800015e   Section        8  __rtentry2.o(.ARM.Collect$$rtentry$$0000000D)
    .ARM.Collect$$rtexit$$00000000           0x08000166   Section        2  rtexit.o(.ARM.Collect$$rtexit$$00000000)
    .ARM.Collect$$rtexit$$00000002           0x08000168   Section        0  rtexit2.o(.ARM.Collect$$rtexit$$00000002)
    .ARM.Collect$$rtexit$$00000003           0x08000168   Section        4  rtexit2.o(.ARM.Collect$$rtexit$$00000003)
    .ARM.Collect$$rtexit$$00000004           0x0800016c   Section        6  rtexit2.o(.ARM.Collect$$rtexit$$00000004)
    .text                                    0x08000174   Section       56  startup_n32g031.o(.text)
    .text                                    0x080001ac   Section        0  noretval__2sprintf.o(.text)
    .text                                    0x080001d4   Section        0  __printf.o(.text)
    .text                                    0x08000240   Section        0  _printf_dec.o(.text)
    .text                                    0x080002ac   Section        0  strlen.o(.text)
    .text                                    0x080002f0   Section        0  wcslen.o(.text)
    .text                                    0x08000302   Section        0  rt_memclr.o(.text)
    .text                                    0x08000342   Section        0  heapauxi.o(.text)
    .text                                    0x08000348   Section        0  fdiv.o(.text)
    .text                                    0x080004a8   Section        0  ffixui.o(.text)
    .text                                    0x080004d8   Section        0  fflti.o(.text)
    .text                                    0x08000536   Section        0  _printf_intcommon.o(.text)
    .text                                    0x080005e8   Section        0  _printf_char_common.o(.text)
    _printf_input_char                       0x080005e9   Thumb Code    10  _printf_char_common.o(.text)
    .text                                    0x08000618   Section        0  _sputc.o(.text)
    .text                                    0x08000622   Section        0  rtudiv10.o(.text)
    .text                                    0x0800064a   Section       62  sys_stackheap_outer.o(.text)
    .text                                    0x08000688   Section        0  exit.o(.text)
    .text                                    0x08000698   Section        8  libspace.o(.text)
    i.EXTI0_1_IRQHandler                     0x080006a0   Section        0  n32g030_it.o(i.EXTI0_1_IRQHandler)
    i.GPIOInit                               0x08000730   Section        0  init.o(i.GPIOInit)
    i.HardFault_Handler                      0x08000900   Section        0  n32g030_it.o(i.HardFault_Handler)
    i.InitALL                                0x08000904   Section        0  init.o(i.InitALL)
    i.LPTIM_TIM6_IRQHandler                  0x08000918   Section        0  n32g030_it.o(i.LPTIM_TIM6_IRQHandler)
    i.MODS_ReciveNew                         0x08000a58   Section        0  modbus_slave.o(i.MODS_ReciveNew)
    i.NMI_Handler                            0x08000b08   Section        0  n32g030_it.o(i.NMI_Handler)
    i.NVIC_EnableIRQ                         0x08000b0c   Section        0  init.o(i.NVIC_EnableIRQ)
    NVIC_EnableIRQ                           0x08000b0d   Thumb Code    14  init.o(i.NVIC_EnableIRQ)
    i.NVIC_SetPriority                       0x08000b20   Section        0  init.o(i.NVIC_SetPriority)
    NVIC_SetPriority                         0x08000b21   Thumb Code   110  init.o(i.NVIC_SetPriority)
    i.PendSV_Handler                         0x08000b98   Section        0  n32g030_it.o(i.PendSV_Handler)
    i.SVC_Handler                            0x08000b9a   Section        0  n32g030_it.o(i.SVC_Handler)
    i.SetSysClock                            0x08000b9c   Section        0  system_n32g031.o(i.SetSysClock)
    SetSysClock                              0x08000b9d   Thumb Code   214  system_n32g031.o(i.SetSysClock)
    i.SysTick_Handler                        0x08000c84   Section        0  n32g030_it.o(i.SysTick_Handler)
    i.SystemInit                             0x08000c88   Section        0  system_n32g031.o(i.SystemInit)
    i.TIM3_Conf                              0x08000cfc   Section        0  init.o(i.TIM3_Conf)
    i.TIM3_IRQHandler                        0x08000d68   Section        0  n32g030_it.o(i.TIM3_IRQHandler)
    i.TIM6_Conf                              0x08000db4   Section        0  init.o(i.TIM6_Conf)
    i.USART1_Config                          0x08000e00   Section        0  init.o(i.USART1_Config)
    i.USART1_IRQHandler                      0x08001014   Section        0  n32g030_it.o(i.USART1_IRQHandler)
    i.USART1r                                0x08001034   Section        0  n32g030_it.o(i.USART1r)
    i.Utf8ToUnicode                          0x08001084   Section        0  main.o(i.Utf8ToUnicode)
    i._sys_exit                              0x08001164   Section        0  init.o(i._sys_exit)
    i.closeexit                              0x08001168   Section        0  n32g030_it.o(i.closeexit)
    i.main                                   0x080011bc   Section        0  main.o(i.main)
    i.openexit                               0x08001204   Section        0  n32g030_it.o(i.openexit)
    x$fpl$fadd                               0x08001234   Section      140  faddsub.o(x$fpl$fadd)
    _fadd1                                   0x08001241   Thumb Code     0  faddsub.o(x$fpl$fadd)
    x$fpl$fmul                               0x080012c0   Section      176  fmul.o(x$fpl$fmul)
    x$fpl$frsb                               0x08001370   Section       24  faddsub.o(x$fpl$frsb)
    x$fpl$fsub                               0x08001388   Section      208  faddsub.o(x$fpl$fsub)
    _fsub1                                   0x08001395   Thumb Code     0  faddsub.o(x$fpl$fsub)
    .constdata                               0x08001458   Section       64  fdiv.o(.constdata)
    x$fpl$usenofp                            0x08001458   Section        0  usenofp.o(x$fpl$usenofp)
    fdiv_tab                                 0x08001458   Data          64  fdiv.o(.constdata)
    .data                                    0x20000000   Section       22  main.o(.data)
    .data                                    0x20000016   Section        5  n32g030_it.o(.data)
    .data                                    0x2000001b   Section        1  modbus_slave.o(.data)
    .data                                    0x2000001c   Section       49  proc.o(.data)
    .bss                                     0x20000050   Section       23  n32g030_it.o(.bss)
    .bss                                     0x20000068   Section      338  modbus_slave.o(.bss)
    .bss                                     0x200001bc   Section       96  libspace.o(.bss)
    HEAP                                     0x20000220   Section      512  startup_n32g031.o(HEAP)
    Heap_Mem                                 0x20000220   Data         512  startup_n32g031.o(HEAP)
    STACK                                    0x20000420   Section     1024  startup_n32g031.o(STACK)
    Stack_Mem                                0x20000420   Data        1024  startup_n32g031.o(STACK)
    __initial_sp                             0x20000820   Data           0  startup_n32g031.o(STACK)

    Global Symbols

    Symbol Name                              Value     Ov Type        Size  Object(Section)

    BuildAttributes$$THM_ISAv3M$S$PE$A:L22$X:L11$S22$IEEE1$IW$USESV6$~STKCKD$USESV7$~SHL$OSPACE$ROPI$EBA8$UX$STANDARDLIB$REQ8$PRES8$EABIv2 0x00000000   Number         0  anon$$obj.o ABSOLUTE
    __ARM_use_no_argv                        0x00000000   Number         0  main.o ABSOLUTE
    __ARM_exceptions_init                     - Undefined Weak Reference
    __alloca_initialize                       - Undefined Weak Reference
    __arm_preinit_                            - Undefined Weak Reference
    __cpp_initialize__aeabi_                  - Undefined Weak Reference
    __cxa_finalize                            - Undefined Weak Reference
    __rt_locale                               - Undefined Weak Reference
    __sigvec_lookup                           - Undefined Weak Reference
    _atexit_init                              - Undefined Weak Reference
    _call_atexit_fns                          - Undefined Weak Reference
    _clock_init                               - Undefined Weak Reference
    _fp_trap_init                             - Undefined Weak Reference
    _fp_trap_shutdown                         - Undefined Weak Reference
    _get_lc_collate                           - Undefined Weak Reference
    _get_lc_ctype                             - Undefined Weak Reference
    _get_lc_monetary                          - Undefined Weak Reference
    _get_lc_numeric                           - Undefined Weak Reference
    _get_lc_time                              - Undefined Weak Reference
    _getenv_init                              - Undefined Weak Reference
    _handle_redirection                       - Undefined Weak Reference
    _init_alloc                               - Undefined Weak Reference
    _init_user_alloc                          - Undefined Weak Reference
    _initio                                   - Undefined Weak Reference
    _printf_post_padding                      - Undefined Weak Reference
    _printf_pre_padding                       - Undefined Weak Reference
    _printf_truncate_signed                   - Undefined Weak Reference
    _printf_truncate_unsigned                 - Undefined Weak Reference
    _rand_init                                - Undefined Weak Reference
    _signal_finish                            - Undefined Weak Reference
    _signal_init                              - Undefined Weak Reference
    _terminate_alloc                          - Undefined Weak Reference
    _terminate_user_alloc                     - Undefined Weak Reference
    _terminateio                              - Undefined Weak Reference
    __Vectors_Size                           0x000000c0   Number         0  startup_n32g031.o ABSOLUTE
    __Vectors                                0x08000000   Data           4  startup_n32g031.o(RESET)
    __Vectors_End                            0x080000c0   Data           0  startup_n32g031.o(RESET)
    __main                                   0x080000c1   Thumb Code     8  __main.o(!!!main)
    __scatterload                            0x080000c9   Thumb Code     0  __scatter.o(!!!scatter)
    __scatterload_rt2                        0x080000c9   Thumb Code    52  __scatter.o(!!!scatter)
    __scatterload_rt2_thumb_only             0x080000c9   Thumb Code     0  __scatter.o(!!!scatter)
    __scatterload_null                       0x080000d9   Thumb Code     0  __scatter.o(!!!scatter)
    __scatterload_copy                       0x08000105   Thumb Code    26  __scatter_copy.o(!!handler_copy)
    __scatterload_zeroinit                   0x08000121   Thumb Code    28  __scatter_zi.o(!!handler_zi)
    _printf_percent                          0x0800013d   Thumb Code     0  _printf_percent.o(.ARM.Collect$$_printf_percent$$00000000)
    _printf_d                                0x0800013f   Thumb Code     0  _printf_d.o(.ARM.Collect$$_printf_percent$$00000009)
    _printf_percent_end                      0x08000149   Thumb Code     0  _printf_percent_end.o(.ARM.Collect$$_printf_percent$$00000017)
    __rt_lib_init                            0x0800014d   Thumb Code     0  libinit.o(.ARM.Collect$$libinit$$00000000)
    __rt_lib_init_alloca_1                   0x0800014f   Thumb Code     0  libinit2.o(.ARM.Collect$$libinit$$0000002E)
    __rt_lib_init_argv_1                     0x0800014f   Thumb Code     0  libinit2.o(.ARM.Collect$$libinit$$0000002C)
    __rt_lib_init_atexit_1                   0x0800014f   Thumb Code     0  libinit2.o(.ARM.Collect$$libinit$$0000001B)
    __rt_lib_init_clock_1                    0x0800014f   Thumb Code     0  libinit2.o(.ARM.Collect$$libinit$$00000021)
    __rt_lib_init_cpp_1                      0x0800014f   Thumb Code     0  libinit2.o(.ARM.Collect$$libinit$$00000032)
    __rt_lib_init_exceptions_1               0x0800014f   Thumb Code     0  libinit2.o(.ARM.Collect$$libinit$$00000030)
    __rt_lib_init_fp_1                       0x0800014f   Thumb Code     0  libinit2.o(.ARM.Collect$$libinit$$00000002)
    __rt_lib_init_fp_trap_1                  0x0800014f   Thumb Code     0  libinit2.o(.ARM.Collect$$libinit$$0000001F)
    __rt_lib_init_getenv_1                   0x0800014f   Thumb Code     0  libinit2.o(.ARM.Collect$$libinit$$00000023)
    __rt_lib_init_heap_1                     0x0800014f   Thumb Code     0  libinit2.o(.ARM.Collect$$libinit$$0000000A)
    __rt_lib_init_lc_collate_1               0x0800014f   Thumb Code     0  libinit2.o(.ARM.Collect$$libinit$$00000011)
    __rt_lib_init_lc_ctype_1                 0x0800014f   Thumb Code     0  libinit2.o(.ARM.Collect$$libinit$$00000013)
    __rt_lib_init_lc_monetary_1              0x0800014f   Thumb Code     0  libinit2.o(.ARM.Collect$$libinit$$00000015)
    __rt_lib_init_lc_numeric_1               0x0800014f   Thumb Code     0  libinit2.o(.ARM.Collect$$libinit$$00000017)
    __rt_lib_init_lc_time_1                  0x0800014f   Thumb Code     0  libinit2.o(.ARM.Collect$$libinit$$00000019)
    __rt_lib_init_preinit_1                  0x0800014f   Thumb Code     0  libinit2.o(.ARM.Collect$$libinit$$00000004)
    __rt_lib_init_rand_1                     0x0800014f   Thumb Code     0  libinit2.o(.ARM.Collect$$libinit$$0000000E)
    __rt_lib_init_return                     0x0800014f   Thumb Code     0  libinit2.o(.ARM.Collect$$libinit$$00000033)
    __rt_lib_init_signal_1                   0x0800014f   Thumb Code     0  libinit2.o(.ARM.Collect$$libinit$$0000001D)
    __rt_lib_init_stdio_1                    0x0800014f   Thumb Code     0  libinit2.o(.ARM.Collect$$libinit$$00000025)
    __rt_lib_init_user_alloc_1               0x0800014f   Thumb Code     0  libinit2.o(.ARM.Collect$$libinit$$0000000C)
    __rt_lib_shutdown                        0x08000151   Thumb Code     0  libshutdown.o(.ARM.Collect$$libshutdown$$00000000)
    __rt_lib_shutdown_cpp_1                  0x08000153   Thumb Code     0  libshutdown2.o(.ARM.Collect$$libshutdown$$00000002)
    __rt_lib_shutdown_fp_trap_1              0x08000153   Thumb Code     0  libshutdown2.o(.ARM.Collect$$libshutdown$$00000007)
    __rt_lib_shutdown_heap_1                 0x08000153   Thumb Code     0  libshutdown2.o(.ARM.Collect$$libshutdown$$0000000F)
    __rt_lib_shutdown_return                 0x08000153   Thumb Code     0  libshutdown2.o(.ARM.Collect$$libshutdown$$00000010)
    __rt_lib_shutdown_signal_1               0x08000153   Thumb Code     0  libshutdown2.o(.ARM.Collect$$libshutdown$$0000000A)
    __rt_lib_shutdown_stdio_1                0x08000153   Thumb Code     0  libshutdown2.o(.ARM.Collect$$libshutdown$$00000004)
    __rt_lib_shutdown_user_alloc_1           0x08000153   Thumb Code     0  libshutdown2.o(.ARM.Collect$$libshutdown$$0000000C)
    __rt_entry                               0x08000155   Thumb Code     0  __rtentry.o(.ARM.Collect$$rtentry$$00000000)
    __rt_entry_presh_1                       0x08000155   Thumb Code     0  __rtentry2.o(.ARM.Collect$$rtentry$$00000002)
    __rt_entry_sh                            0x08000155   Thumb Code     0  __rtentry4.o(.ARM.Collect$$rtentry$$00000004)
    __rt_entry_li                            0x0800015b   Thumb Code     0  __rtentry2.o(.ARM.Collect$$rtentry$$0000000A)
    __rt_entry_postsh_1                      0x0800015b   Thumb Code     0  __rtentry2.o(.ARM.Collect$$rtentry$$00000009)
    __rt_entry_main                          0x0800015f   Thumb Code     0  __rtentry2.o(.ARM.Collect$$rtentry$$0000000D)
    __rt_entry_postli_1                      0x0800015f   Thumb Code     0  __rtentry2.o(.ARM.Collect$$rtentry$$0000000C)
    __rt_exit                                0x08000167   Thumb Code     0  rtexit.o(.ARM.Collect$$rtexit$$00000000)
    __rt_exit_ls                             0x08000169   Thumb Code     0  rtexit2.o(.ARM.Collect$$rtexit$$00000003)
    __rt_exit_prels_1                        0x08000169   Thumb Code     0  rtexit2.o(.ARM.Collect$$rtexit$$00000002)
    __rt_exit_exit                           0x0800016d   Thumb Code     0  rtexit2.o(.ARM.Collect$$rtexit$$00000004)
    Reset_Handler                            0x08000175   Thumb Code     8  startup_n32g031.o(.text)
    ADC_IRQHandler                           0x08000187   Thumb Code     0  startup_n32g031.o(.text)
    COMP_IRQHandler                          0x08000187   Thumb Code     0  startup_n32g031.o(.text)
    DMA_Channel1_2_3_4_IRQHandler            0x08000187   Thumb Code     0  startup_n32g031.o(.text)
    DMA_Channel1_2_IRQHandler                0x08000187   Thumb Code     0  startup_n32g031.o(.text)
    DMA_Channel3_4_IRQHandler                0x08000187   Thumb Code     0  startup_n32g031.o(.text)
    DMA_Channel5_IRQHandler                  0x08000187   Thumb Code     0  startup_n32g031.o(.text)
    EXTI2_3_IRQHandler                       0x08000187   Thumb Code     0  startup_n32g031.o(.text)
    EXTI4_15_IRQHandler                      0x08000187   Thumb Code     0  startup_n32g031.o(.text)
    FLASH_IRQHandler                         0x08000187   Thumb Code     0  startup_n32g031.o(.text)
    HDIV_SQRT_IRQHandler                     0x08000187   Thumb Code     0  startup_n32g031.o(.text)
    I2C1_IRQHandler                          0x08000187   Thumb Code     0  startup_n32g031.o(.text)
    I2C2_IRQHandler                          0x08000187   Thumb Code     0  startup_n32g031.o(.text)
    LPUART_IRQHandler                        0x08000187   Thumb Code     0  startup_n32g031.o(.text)
    MMU_IRQHandler                           0x08000187   Thumb Code     0  startup_n32g031.o(.text)
    PVD_IRQHandler                           0x08000187   Thumb Code     0  startup_n32g031.o(.text)
    RAMC_PERR_IRQHandler                     0x08000187   Thumb Code     0  startup_n32g031.o(.text)
    RCC_IRQHandler                           0x08000187   Thumb Code     0  startup_n32g031.o(.text)
    RESERVE9_IRQHandler                      0x08000187   Thumb Code     0  startup_n32g031.o(.text)
    RTC_IRQHandler                           0x08000187   Thumb Code     0  startup_n32g031.o(.text)
    SPI1_IRQHandler                          0x08000187   Thumb Code     0  startup_n32g031.o(.text)
    SPI2_IRQHandler                          0x08000187   Thumb Code     0  startup_n32g031.o(.text)
    TIM1_BRK_UP_TRG_COM_IRQHandler           0x08000187   Thumb Code     0  startup_n32g031.o(.text)
    TIM1_CC_IRQHandler                       0x08000187   Thumb Code     0  startup_n32g031.o(.text)
    TIM8_BRK_UP_TRG_COM_IRQHandler           0x08000187   Thumb Code     0  startup_n32g031.o(.text)
    TIM8_CC_IRQHandler                       0x08000187   Thumb Code     0  startup_n32g031.o(.text)
    USART1_2_IRQHandler                      0x08000187   Thumb Code     0  startup_n32g031.o(.text)
    USART2_IRQHandler                        0x08000187   Thumb Code     0  startup_n32g031.o(.text)
    WWDG_IRQHandler                          0x08000187   Thumb Code     0  startup_n32g031.o(.text)
    __user_initial_stackheap                 0x08000189   Thumb Code     0  startup_n32g031.o(.text)
    __2sprintf                               0x080001ad   Thumb Code    36  noretval__2sprintf.o(.text)
    __printf                                 0x080001d5   Thumb Code   108  __printf.o(.text)
    _printf_int_dec                          0x08000241   Thumb Code    90  _printf_dec.o(.text)
    strlen                                   0x080002ad   Thumb Code    62  strlen.o(.text)
    wcslen                                   0x080002f1   Thumb Code    18  wcslen.o(.text)
    _memset_w                                0x08000303   Thumb Code    26  rt_memclr.o(.text)
    _memset                                  0x0800031d   Thumb Code    30  rt_memclr.o(.text)
    __aeabi_memclr                           0x0800033b   Thumb Code     4  rt_memclr.o(.text)
    __rt_memclr                              0x0800033b   Thumb Code     0  rt_memclr.o(.text)
    __aeabi_memclr4                          0x0800033f   Thumb Code     0  rt_memclr.o(.text)
    __aeabi_memclr8                          0x0800033f   Thumb Code     0  rt_memclr.o(.text)
    __rt_memclr_w                            0x0800033f   Thumb Code     4  rt_memclr.o(.text)
    __use_two_region_memory                  0x08000343   Thumb Code     2  heapauxi.o(.text)
    __rt_heap_escrow$2region                 0x08000345   Thumb Code     2  heapauxi.o(.text)
    __rt_heap_expand$2region                 0x08000347   Thumb Code     2  heapauxi.o(.text)
    __aeabi_fdiv                             0x08000349   Thumb Code     0  fdiv.o(.text)
    _fdiv                                    0x08000349   Thumb Code   334  fdiv.o(.text)
    _frdiv                                   0x08000497   Thumb Code     8  fdiv.o(.text)
    __aeabi_f2uiz                            0x080004a9   Thumb Code     0  ffixui.o(.text)
    _ffixu                                   0x080004a9   Thumb Code    48  ffixui.o(.text)
    __aeabi_i2f_normalise                    0x080004d9   Thumb Code    72  fflti.o(.text)
    __aeabi_i2f                              0x08000521   Thumb Code    16  fflti.o(.text)
    _fflt                                    0x08000521   Thumb Code     0  fflti.o(.text)
    __aeabi_ui2f                             0x08000531   Thumb Code     6  fflti.o(.text)
    _ffltu                                   0x08000531   Thumb Code     0  fflti.o(.text)
    _printf_int_common                       0x08000537   Thumb Code   176  _printf_intcommon.o(.text)
    _printf_char_common                      0x080005f3   Thumb Code    32  _printf_char_common.o(.text)
    _sputc                                   0x08000619   Thumb Code    10  _sputc.o(.text)
    __rt_udiv10                              0x08000623   Thumb Code    40  rtudiv10.o(.text)
    __user_setup_stackheap                   0x0800064b   Thumb Code    62  sys_stackheap_outer.o(.text)
    exit                                     0x08000689   Thumb Code    16  exit.o(.text)
    __user_libspace                          0x08000699   Thumb Code     8  libspace.o(.text)
    __user_perproc_libspace                  0x08000699   Thumb Code     0  libspace.o(.text)
    __user_perthread_libspace                0x08000699   Thumb Code     0  libspace.o(.text)
    EXTI0_1_IRQHandler                       0x080006a1   Thumb Code   118  n32g030_it.o(i.EXTI0_1_IRQHandler)
    GPIOInit                                 0x08000731   Thumb Code   442  init.o(i.GPIOInit)
    HardFault_Handler                        0x08000901   Thumb Code     4  n32g030_it.o(i.HardFault_Handler)
    InitALL                                  0x08000905   Thumb Code    20  init.o(i.InitALL)
    LPTIM_TIM6_IRQHandler                    0x08000919   Thumb Code   296  n32g030_it.o(i.LPTIM_TIM6_IRQHandler)
    MODS_ReciveNew                           0x08000a59   Thumb Code   148  modbus_slave.o(i.MODS_ReciveNew)
    NMI_Handler                              0x08000b09   Thumb Code     2  n32g030_it.o(i.NMI_Handler)
    PendSV_Handler                           0x08000b99   Thumb Code     2  n32g030_it.o(i.PendSV_Handler)
    SVC_Handler                              0x08000b9b   Thumb Code     2  n32g030_it.o(i.SVC_Handler)
    SysTick_Handler                          0x08000c85   Thumb Code     2  n32g030_it.o(i.SysTick_Handler)
    SystemInit                               0x08000c89   Thumb Code    94  system_n32g031.o(i.SystemInit)
    TIM3_Conf                                0x08000cfd   Thumb Code   100  init.o(i.TIM3_Conf)
    TIM3_IRQHandler                          0x08000d69   Thumb Code    64  n32g030_it.o(i.TIM3_IRQHandler)
    TIM6_Conf                                0x08000db5   Thumb Code    66  init.o(i.TIM6_Conf)
    USART1_Config                            0x08000e01   Thumb Code   508  init.o(i.USART1_Config)
    USART1_IRQHandler                        0x08001015   Thumb Code    26  n32g030_it.o(i.USART1_IRQHandler)
    USART1r                                  0x08001035   Thumb Code    74  n32g030_it.o(i.USART1r)
    Utf8ToUnicode                            0x08001085   Thumb Code   224  main.o(i.Utf8ToUnicode)
    _sys_exit                                0x08001165   Thumb Code     4  init.o(i._sys_exit)
    closeexit                                0x08001169   Thumb Code    74  n32g030_it.o(i.closeexit)
    main                                     0x080011bd   Thumb Code    60  main.o(i.main)
    openexit                                 0x08001205   Thumb Code    38  n32g030_it.o(i.openexit)
    __aeabi_fadd                             0x08001235   Thumb Code     0  faddsub.o(x$fpl$fadd)
    _fadd                                    0x08001235   Thumb Code   134  faddsub.o(x$fpl$fadd)
    __aeabi_fmul                             0x080012c1   Thumb Code     0  fmul.o(x$fpl$fmul)
    _fmul                                    0x080012c1   Thumb Code   172  fmul.o(x$fpl$fmul)
    __aeabi_frsub                            0x08001371   Thumb Code     0  faddsub.o(x$fpl$frsb)
    _frsb                                    0x08001371   Thumb Code    24  faddsub.o(x$fpl$frsb)
    __aeabi_fsub                             0x08001389   Thumb Code     0  faddsub.o(x$fpl$fsub)
    _fsub                                    0x08001389   Thumb Code   204  faddsub.o(x$fpl$fsub)
    __I$use$fp                               0x08001458   Number         0  usenofp.o(x$fpl$usenofp)
    Region$$Table$$Base                      0x08001498   Number         0  anon$$obj.o(Region$$Table)
    Region$$Table$$Limit                     0x080014b8   Number         0  anon$$obj.o(Region$$Table)
    i                                        0x20000000   Data           4  main.o(.data)
    k                                        0x20000004   Data           4  main.o(.data)
    len                                      0x20000008   Data           4  main.o(.data)
    p                                        0x2000000c   Data           4  main.o(.data)
    LEN                                      0x20000010   Data           4  main.o(.data)
    data_temp                                0x20000014   Data           2  main.o(.data)
    tim_flag                                 0x20000016   Data           1  n32g030_it.o(.data)
    fisrt                                    0x20000017   Data           1  n32g030_it.o(.data)
    recbittick                               0x20000018   Data           1  n32g030_it.o(.data)
    outtimetick                              0x20000019   Data           1  n32g030_it.o(.data)
    recstyle                                 0x2000001a   Data           1  n32g030_it.o(.data)
    g_mods_timeout                           0x2000001b   Data           1  modbus_slave.o(.data)
    ModelID                                  0x2000001c   Data           1  proc.o(.data)
    DQSelect                                 0x2000001e   Data           2  proc.o(.data)
    DACSelect                                0x20000020   Data           2  proc.o(.data)
    cof_DACcheng                             0x20000022   Data           2  proc.o(.data)
    cof_DACchu                               0x20000024   Data           2  proc.o(.data)
    cof_5vcheng                              0x20000026   Data           2  proc.o(.data)
    cof_5vchu                                0x20000028   Data           2  proc.o(.data)
    DAC2_Style                               0x2000002a   Data           2  proc.o(.data)
    cof_yurevalue                            0x2000002c   Data           2  proc.o(.data)
    cof_DACb                                 0x2000002e   Data           2  proc.o(.data)
    cof_DACmax                               0x20000030   Data           4  proc.o(.data)
    Flash_Check                              0x20000034   Data           2  proc.o(.data)
    EVENODD                                  0x20000036   Data           1  proc.o(.data)
    ModelBaud                                0x20000038   Data           2  proc.o(.data)
    EraseCounter                             0x2000003c   Data           4  proc.o(.data)
    Address                                  0x20000040   Data           4  proc.o(.data)
    Data                                     0x20000044   Data           4  proc.o(.data)
    NbrOfPage                                0x20000048   Data           4  proc.o(.data)
    FLASHStatus                              0x2000004c   Data           1  proc.o(.data)
    tempdata                                 0x20000050   Data          13  n32g030_it.o(.bss)
    recbit                                   0x2000005d   Data          10  n32g030_it.o(.bss)
    g_tModS                                  0x20000068   Data         163  modbus_slave.o(.bss)
    g_tVar                                   0x2000010c   Data          14  modbus_slave.o(.bss)
    g_tPrint                                 0x2000011a   Data         160  modbus_slave.o(.bss)
    __libspace_start                         0x200001bc   Data          96  libspace.o(.bss)
    __temporary_stack_top$libspace           0x2000021c   Data           0  libspace.o(.bss)



==============================================================================

Memory Map of the image

  Image Entry point : 0x080000c1

  Load Region LR_IROM1 (Base: 0x08000000, Size: 0x00001508, Max: 0x00010000, ABSOLUTE)

    Execution Region ER_IROM1 (Exec base: 0x08000000, Load base: 0x08000000, Size: 0x000014b8, Max: 0x00010000, ABSOLUTE)

    Exec Addr    Load Addr    Size         Type   Attr      Idx    E Section Name        Object

    0x08000000   0x08000000   0x000000c0   Data   RO           61    RESET               startup_n32g031.o
    0x080000c0   0x080000c0   0x00000008   Code   RO          737  * !!!main             c_p.l(__main.o)
    0x080000c8   0x080000c8   0x0000003c   Code   RO          931    !!!scatter          c_p.l(__scatter.o)
    0x08000104   0x08000104   0x0000001a   Code   RO          933    !!handler_copy      c_p.l(__scatter_copy.o)
    0x0800011e   0x0800011e   0x00000002   PAD
    0x08000120   0x08000120   0x0000001c   Code   RO          935    !!handler_zi        c_p.l(__scatter_zi.o)
    0x0800013c   0x0800013c   0x00000002   Code   RO          720    .ARM.Collect$$_printf_percent$$00000000  c_p.l(_printf_percent.o)
    0x0800013e   0x0800013e   0x0000000a   Code   RO          719    .ARM.Collect$$_printf_percent$$00000009  c_p.l(_printf_d.o)
    0x08000148   0x08000148   0x00000004   Code   RO          765    .ARM.Collect$$_printf_percent$$00000017  c_p.l(_printf_percent_end.o)
    0x0800014c   0x0800014c   0x00000002   Code   RO          802    .ARM.Collect$$libinit$$00000000  c_p.l(libinit.o)
    0x0800014e   0x0800014e   0x00000000   Code   RO          816    .ARM.Collect$$libinit$$00000002  c_p.l(libinit2.o)
    0x0800014e   0x0800014e   0x00000000   Code   RO          818    .ARM.Collect$$libinit$$00000004  c_p.l(libinit2.o)
    0x0800014e   0x0800014e   0x00000000   Code   RO          821    .ARM.Collect$$libinit$$0000000A  c_p.l(libinit2.o)
    0x0800014e   0x0800014e   0x00000000   Code   RO          823    .ARM.Collect$$libinit$$0000000C  c_p.l(libinit2.o)
    0x0800014e   0x0800014e   0x00000000   Code   RO          825    .ARM.Collect$$libinit$$0000000E  c_p.l(libinit2.o)
    0x0800014e   0x0800014e   0x00000000   Code   RO          828    .ARM.Collect$$libinit$$00000011  c_p.l(libinit2.o)
    0x0800014e   0x0800014e   0x00000000   Code   RO          830    .ARM.Collect$$libinit$$00000013  c_p.l(libinit2.o)
    0x0800014e   0x0800014e   0x00000000   Code   RO          832    .ARM.Collect$$libinit$$00000015  c_p.l(libinit2.o)
    0x0800014e   0x0800014e   0x00000000   Code   RO          834    .ARM.Collect$$libinit$$00000017  c_p.l(libinit2.o)
    0x0800014e   0x0800014e   0x00000000   Code   RO          836    .ARM.Collect$$libinit$$00000019  c_p.l(libinit2.o)
    0x0800014e   0x0800014e   0x00000000   Code   RO          838    .ARM.Collect$$libinit$$0000001B  c_p.l(libinit2.o)
    0x0800014e   0x0800014e   0x00000000   Code   RO          840    .ARM.Collect$$libinit$$0000001D  c_p.l(libinit2.o)
    0x0800014e   0x0800014e   0x00000000   Code   RO          842    .ARM.Collect$$libinit$$0000001F  c_p.l(libinit2.o)
    0x0800014e   0x0800014e   0x00000000   Code   RO          844    .ARM.Collect$$libinit$$00000021  c_p.l(libinit2.o)
    0x0800014e   0x0800014e   0x00000000   Code   RO          846    .ARM.Collect$$libinit$$00000023  c_p.l(libinit2.o)
    0x0800014e   0x0800014e   0x00000000   Code   RO          848    .ARM.Collect$$libinit$$00000025  c_p.l(libinit2.o)
    0x0800014e   0x0800014e   0x00000000   Code   RO          852    .ARM.Collect$$libinit$$0000002C  c_p.l(libinit2.o)
    0x0800014e   0x0800014e   0x00000000   Code   RO          854    .ARM.Collect$$libinit$$0000002E  c_p.l(libinit2.o)
    0x0800014e   0x0800014e   0x00000000   Code   RO          856    .ARM.Collect$$libinit$$00000030  c_p.l(libinit2.o)
    0x0800014e   0x0800014e   0x00000000   Code   RO          858    .ARM.Collect$$libinit$$00000032  c_p.l(libinit2.o)
    0x0800014e   0x0800014e   0x00000002   Code   RO          859    .ARM.Collect$$libinit$$00000033  c_p.l(libinit2.o)
    0x08000150   0x08000150   0x00000002   Code   RO          885    .ARM.Collect$$libshutdown$$00000000  c_p.l(libshutdown.o)
    0x08000152   0x08000152   0x00000000   Code   RO          914    .ARM.Collect$$libshutdown$$00000002  c_p.l(libshutdown2.o)
    0x08000152   0x08000152   0x00000000   Code   RO          916    .ARM.Collect$$libshutdown$$00000004  c_p.l(libshutdown2.o)
    0x08000152   0x08000152   0x00000000   Code   RO          919    .ARM.Collect$$libshutdown$$00000007  c_p.l(libshutdown2.o)
    0x08000152   0x08000152   0x00000000   Code   RO          922    .ARM.Collect$$libshutdown$$0000000A  c_p.l(libshutdown2.o)
    0x08000152   0x08000152   0x00000000   Code   RO          924    .ARM.Collect$$libshutdown$$0000000C  c_p.l(libshutdown2.o)
    0x08000152   0x08000152   0x00000000   Code   RO          927    .ARM.Collect$$libshutdown$$0000000F  c_p.l(libshutdown2.o)
    0x08000152   0x08000152   0x00000002   Code   RO          928    .ARM.Collect$$libshutdown$$00000010  c_p.l(libshutdown2.o)
    0x08000154   0x08000154   0x00000000   Code   RO          754    .ARM.Collect$$rtentry$$00000000  c_p.l(__rtentry.o)
    0x08000154   0x08000154   0x00000000   Code   RO          770    .ARM.Collect$$rtentry$$00000002  c_p.l(__rtentry2.o)
    0x08000154   0x08000154   0x00000006   Code   RO          782    .ARM.Collect$$rtentry$$00000004  c_p.l(__rtentry4.o)
    0x0800015a   0x0800015a   0x00000000   Code   RO          772    .ARM.Collect$$rtentry$$00000009  c_p.l(__rtentry2.o)
    0x0800015a   0x0800015a   0x00000004   Code   RO          773    .ARM.Collect$$rtentry$$0000000A  c_p.l(__rtentry2.o)
    0x0800015e   0x0800015e   0x00000000   Code   RO          775    .ARM.Collect$$rtentry$$0000000C  c_p.l(__rtentry2.o)
    0x0800015e   0x0800015e   0x00000008   Code   RO          776    .ARM.Collect$$rtentry$$0000000D  c_p.l(__rtentry2.o)
    0x08000166   0x08000166   0x00000002   Code   RO          807    .ARM.Collect$$rtexit$$00000000  c_p.l(rtexit.o)
    0x08000168   0x08000168   0x00000000   Code   RO          861    .ARM.Collect$$rtexit$$00000002  c_p.l(rtexit2.o)
    0x08000168   0x08000168   0x00000004   Code   RO          862    .ARM.Collect$$rtexit$$00000003  c_p.l(rtexit2.o)
    0x0800016c   0x0800016c   0x00000006   Code   RO          863    .ARM.Collect$$rtexit$$00000004  c_p.l(rtexit2.o)
    0x08000172   0x08000172   0x00000002   PAD
    0x08000174   0x08000174   0x00000038   Code   RO           62    .text               startup_n32g031.o
    0x080001ac   0x080001ac   0x00000028   Code   RO          693    .text               c_p.l(noretval__2sprintf.o)
    0x080001d4   0x080001d4   0x0000006c   Code   RO          695    .text               c_p.l(__printf.o)
    0x08000240   0x08000240   0x0000006c   Code   RO          697    .text               c_p.l(_printf_dec.o)
    0x080002ac   0x080002ac   0x00000044   Code   RO          721    .text               c_p.l(strlen.o)
    0x080002f0   0x080002f0   0x00000012   Code   RO          723    .text               c_p.l(wcslen.o)
    0x08000302   0x08000302   0x00000040   Code   RO          729    .text               c_p.l(rt_memclr.o)
    0x08000342   0x08000342   0x00000006   Code   RO          735    .text               c_p.l(heapauxi.o)
    0x08000348   0x08000348   0x00000160   Code   RO          745    .text               fz_ps.l(fdiv.o)
    0x080004a8   0x080004a8   0x00000030   Code   RO          748    .text               fz_ps.l(ffixui.o)
    0x080004d8   0x080004d8   0x0000005e   Code   RO          750    .text               fz_ps.l(fflti.o)
    0x08000536   0x08000536   0x000000b0   Code   RO          759    .text               c_p.l(_printf_intcommon.o)
    0x080005e6   0x080005e6   0x00000002   PAD
    0x080005e8   0x080005e8   0x00000030   Code   RO          761    .text               c_p.l(_printf_char_common.o)
    0x08000618   0x08000618   0x0000000a   Code   RO          763    .text               c_p.l(_sputc.o)
    0x08000622   0x08000622   0x00000028   Code   RO          766    .text               c_p.l(rtudiv10.o)
    0x0800064a   0x0800064a   0x0000003e   Code   RO          788    .text               c_p.l(sys_stackheap_outer.o)
    0x08000688   0x08000688   0x00000010   Code   RO          791    .text               c_p.l(exit.o)
    0x08000698   0x08000698   0x00000008   Code   RO          803    .text               c_p.l(libspace.o)
    0x080006a0   0x080006a0   0x00000090   Code   RO          136    i.EXTI0_1_IRQHandler  n32g030_it.o
    0x08000730   0x08000730   0x000001d0   Code   RO          389    i.GPIOInit          init.o
    0x08000900   0x08000900   0x00000004   Code   RO          137    i.HardFault_Handler  n32g030_it.o
    0x08000904   0x08000904   0x00000014   Code   RO          390    i.InitALL           init.o
    0x08000918   0x08000918   0x00000140   Code   RO          138    i.LPTIM_TIM6_IRQHandler  n32g030_it.o
    0x08000a58   0x08000a58   0x000000b0   Code   RO          309    i.MODS_ReciveNew    modbus_slave.o
    0x08000b08   0x08000b08   0x00000002   Code   RO          139    i.NMI_Handler       n32g030_it.o
    0x08000b0a   0x08000b0a   0x00000002   PAD
    0x08000b0c   0x08000b0c   0x00000014   Code   RO          391    i.NVIC_EnableIRQ    init.o
    0x08000b20   0x08000b20   0x00000078   Code   RO          392    i.NVIC_SetPriority  init.o
    0x08000b98   0x08000b98   0x00000002   Code   RO          140    i.PendSV_Handler    n32g030_it.o
    0x08000b9a   0x08000b9a   0x00000002   Code   RO          141    i.SVC_Handler       n32g030_it.o
    0x08000b9c   0x08000b9c   0x000000e8   Code   RO            2    i.SetSysClock       system_n32g031.o
    0x08000c84   0x08000c84   0x00000002   Code   RO          142    i.SysTick_Handler   n32g030_it.o
    0x08000c86   0x08000c86   0x00000002   PAD
    0x08000c88   0x08000c88   0x00000074   Code   RO            4    i.SystemInit        system_n32g031.o
    0x08000cfc   0x08000cfc   0x0000006c   Code   RO          394    i.TIM3_Conf         init.o
    0x08000d68   0x08000d68   0x0000004c   Code   RO          143    i.TIM3_IRQHandler   n32g030_it.o
    0x08000db4   0x08000db4   0x0000004c   Code   RO          395    i.TIM6_Conf         init.o
    0x08000e00   0x08000e00   0x00000214   Code   RO          396    i.USART1_Config     init.o
    0x08001014   0x08001014   0x00000020   Code   RO          144    i.USART1_IRQHandler  n32g030_it.o
    0x08001034   0x08001034   0x00000050   Code   RO          145    i.USART1r           n32g030_it.o
    0x08001084   0x08001084   0x000000e0   Code   RO           67    i.Utf8ToUnicode     main.o
    0x08001164   0x08001164   0x00000004   Code   RO          398    i._sys_exit         init.o
    0x08001168   0x08001168   0x00000054   Code   RO          146    i.closeexit         n32g030_it.o
    0x080011bc   0x080011bc   0x00000048   Code   RO           68    i.main              main.o
    0x08001204   0x08001204   0x00000030   Code   RO          147    i.openexit          n32g030_it.o
    0x08001234   0x08001234   0x0000008c   Code   RO          739    x$fpl$fadd          fz_ps.l(faddsub.o)
    0x080012c0   0x080012c0   0x000000b0   Code   RO          752    x$fpl$fmul          fz_ps.l(fmul.o)
    0x08001370   0x08001370   0x00000018   Code   RO          740    x$fpl$frsb          fz_ps.l(faddsub.o)
    0x08001388   0x08001388   0x000000d0   Code   RO          741    x$fpl$fsub          fz_ps.l(faddsub.o)
    0x08001458   0x08001458   0x00000000   Code   RO          768    x$fpl$usenofp       fz_ps.l(usenofp.o)
    0x08001458   0x08001458   0x00000040   Data   RO          746    .constdata          fz_ps.l(fdiv.o)
    0x08001498   0x08001498   0x00000020   Data   RO          929    Region$$Table       anon$$obj.o


    Execution Region RW_IRAM1 (Exec base: 0x20000000, Load base: 0x080014b8, Size: 0x00000820, Max: 0x00002000, ABSOLUTE)

    Exec Addr    Load Addr    Size         Type   Attr      Idx    E Section Name        Object

    0x20000000   0x080014b8   0x00000016   Data   RW           70    .data               main.o
    0x20000016   0x080014ce   0x00000005   Data   RW          149    .data               n32g030_it.o
    0x2000001b   0x080014d3   0x00000001   Data   RW          316    .data               modbus_slave.o
    0x2000001c   0x080014d4   0x00000031   Data   RW          621    .data               proc.o
    0x2000004d   0x08001505   0x00000003   PAD
    0x20000050        -       0x00000017   Zero   RW          148    .bss                n32g030_it.o
    0x20000067   0x08001505   0x00000001   PAD
    0x20000068        -       0x00000152   Zero   RW          314    .bss                modbus_slave.o
    0x200001ba   0x08001505   0x00000002   PAD
    0x200001bc        -       0x00000060   Zero   RW          804    .bss                c_p.l(libspace.o)
    0x2000021c   0x08001505   0x00000004   PAD
    0x20000220        -       0x00000200   Zero   RW           60    HEAP                startup_n32g031.o
    0x20000420        -       0x00000400   Zero   RW           59    STACK               startup_n32g031.o


==============================================================================

Image component sizes


      Code (inc. data)   RO Data    RW Data    ZI Data      Debug   Object Name

      1344         80          0          0          0       9721   init.o
       296         12          0         22          0       3687   main.o
       176         28          0          1        338       4938   modbus_slave.o
       796         94          0          5         23       5801   n32g030_it.o
         0          0          0         49          0       6114   proc.o
        56         26        192          0       1536        628   startup_n32g031.o
       348         40          0          0          0     173205   system_n32g031.o

    ----------------------------------------------------------------------
      3020        280        224         80       1900     204094   Object Totals
         0          0         32          0          0          0   (incl. Generated)
         4          0          0          3          3          0   (incl. Padding)

    ----------------------------------------------------------------------

      Code (inc. data)   RO Data    RW Data    ZI Data      Debug   Library Member Name

         8          0          0          0          0         68   __main.o
       108          0          0          0          0         76   __printf.o
         0          0          0          0          0          0   __rtentry.o
        12          0          0          0          0          0   __rtentry2.o
         6          0          0          0          0          0   __rtentry4.o
        60          8          0          0          0          0   __scatter.o
        26          0          0          0          0          0   __scatter_copy.o
        28          0          0          0          0          0   __scatter_zi.o
        48          6          0          0          0         88   _printf_char_common.o
        10          0          0          0          0          0   _printf_d.o
       108         18          0          0          0         76   _printf_dec.o
       176          0          0          0          0         84   _printf_intcommon.o
         2          0          0          0          0          0   _printf_percent.o
         4          0          0          0          0          0   _printf_percent_end.o
        10          0          0          0          0         60   _sputc.o
        16          0          0          0          0         68   exit.o
         6          0          0          0          0        136   heapauxi.o
         2          0          0          0          0          0   libinit.o
         2          0          0          0          0          0   libinit2.o
         2          0          0          0          0          0   libshutdown.o
         2          0          0          0          0          0   libshutdown2.o
         8          4          0          0         96         68   libspace.o
        40          4          0          0          0         84   noretval__2sprintf.o
        64          0          0          0          0        108   rt_memclr.o
         2          0          0          0          0          0   rtexit.o
        10          0          0          0          0          0   rtexit2.o
        40          0          0          0          0         60   rtudiv10.o
        68          6          0          0          0         72   strlen.o
        62          0          0          0          0         80   sys_stackheap_outer.o
        18          0          0          0          0         60   wcslen.o
       372          8          0          0          0        240   faddsub.o
       352         10         64          0          0         92   fdiv.o
        48          0          0          0          0         60   ffixui.o
        94          0          0          0          0         92   fflti.o
       176          4          0          0          0         80   fmul.o
         0          0          0          0          0          0   usenofp.o

    ----------------------------------------------------------------------
      1996         68         64          0        100       1752   Library Totals
         6          0          0          0          4          0   (incl. Padding)

    ----------------------------------------------------------------------

      Code (inc. data)   RO Data    RW Data    ZI Data      Debug   Library Name

       948         46          0          0         96       1188   c_p.l
      1042         22         64          0          0        564   fz_ps.l

    ----------------------------------------------------------------------
      1996         68         64          0        100       1752   Library Totals

    ----------------------------------------------------------------------

==============================================================================


      Code (inc. data)   RO Data    RW Data    ZI Data      Debug   

      5016        348        288         80       2000     204146   Grand Totals
      5016        348        288         80       2000     204146   ELF Image Totals
      5016        348        288         80          0          0   ROM Totals

==============================================================================

    Total RO  Size (Code + RO Data)                 5304 (   5.18kB)
    Total RW  Size (RW Data + ZI Data)              2080 (   2.03kB)
    Total ROM Size (Code + RO Data + RW Data)       5384 (   5.26kB)

==============================================================================

